Component: Arm Compiler for Embedded 6.19 Tool: armlink [5e73cb00]

==============================================================================

Section Cross References

    startup_ch32f20x_d8w.o(STACK) refers (Special) to heapauxi.o(.text) for __use_two_region_memory
    startup_ch32f20x_d8w.o(HEAP) refers (Special) to heapauxi.o(.text) for __use_two_region_memory
    startup_ch32f20x_d8w.o(RESET) refers (Special) to heapauxi.o(.text) for __use_two_region_memory
    startup_ch32f20x_d8w.o(RESET) refers to startup_ch32f20x_d8w.o(STACK) for __initial_sp
    startup_ch32f20x_d8w.o(RESET) refers to startup_ch32f20x_d8w.o(.text) for Reset_Handler
    startup_ch32f20x_d8w.o(RESET) refers to ch32f20x_it.o(.text.NMI_Handler) for NMI_Handler
    startup_ch32f20x_d8w.o(RESET) refers to ch32f20x_it.o(.text.HardFault_Handler) for HardFault_Handler
    startup_ch32f20x_d8w.o(RESET) refers to ch32f20x_it.o(.text.MemManage_Handler) for MemManage_Handler
    startup_ch32f20x_d8w.o(RESET) refers to ch32f20x_it.o(.text.BusFault_Handler) for BusFault_Handler
    startup_ch32f20x_d8w.o(RESET) refers to ch32f20x_it.o(.text.UsageFault_Handler) for UsageFault_Handler
    startup_ch32f20x_d8w.o(RESET) refers to ch32f20x_it.o(.text.SVC_Handler) for SVC_Handler
    startup_ch32f20x_d8w.o(RESET) refers to ch32f20x_it.o(.text.DebugMon_Handler) for DebugMon_Handler
    startup_ch32f20x_d8w.o(RESET) refers to ch32f20x_it.o(.text.PendSV_Handler) for PendSV_Handler
    startup_ch32f20x_d8w.o(RESET) refers to ch32f20x_it.o(.text.SysTick_Handler) for SysTick_Handler
    startup_ch32f20x_d8w.o(.text) refers (Special) to heapauxi.o(.text) for __use_two_region_memory
    startup_ch32f20x_d8w.o(.text) refers to system_ch32f20x.o(.text.SystemInit) for SystemInit
    startup_ch32f20x_d8w.o(.text) refers to __main.o(!!!main) for __main
    startup_ch32f20x_d8w.o(.text) refers to startup_ch32f20x_d8w.o(HEAP) for Heap_Mem
    startup_ch32f20x_d8w.o(.text) refers to startup_ch32f20x_d8w.o(STACK) for Stack_Mem
    main.o(.ARM.exidx.text.main) refers to main.o(.text.main) for [Anonymous Symbol]
    system_ch32f20x.o(.ARM.exidx.text.SystemInit) refers to system_ch32f20x.o(.text.SystemInit) for [Anonymous Symbol]
    system_ch32f20x.o(.text.SystemCoreClockUpdate) refers to system_ch32f20x.o(.data.SystemCoreClock) for SystemCoreClock
    system_ch32f20x.o(.text.SystemCoreClockUpdate) refers to system_ch32f20x.o(.rodata.AHBPrescTable) for AHBPrescTable
    system_ch32f20x.o(.ARM.exidx.text.SystemCoreClockUpdate) refers to system_ch32f20x.o(.text.SystemCoreClockUpdate) for [Anonymous Symbol]
    ch32f20x_it.o(.ARM.exidx.text.NMI_Handler) refers to ch32f20x_it.o(.text.NMI_Handler) for [Anonymous Symbol]
    ch32f20x_it.o(.ARM.exidx.text.HardFault_Handler) refers to ch32f20x_it.o(.text.HardFault_Handler) for [Anonymous Symbol]
    ch32f20x_it.o(.ARM.exidx.text.MemManage_Handler) refers to ch32f20x_it.o(.text.MemManage_Handler) for [Anonymous Symbol]
    ch32f20x_it.o(.ARM.exidx.text.BusFault_Handler) refers to ch32f20x_it.o(.text.BusFault_Handler) for [Anonymous Symbol]
    ch32f20x_it.o(.ARM.exidx.text.UsageFault_Handler) refers to ch32f20x_it.o(.text.UsageFault_Handler) for [Anonymous Symbol]
    ch32f20x_it.o(.ARM.exidx.text.SVC_Handler) refers to ch32f20x_it.o(.text.SVC_Handler) for [Anonymous Symbol]
    ch32f20x_it.o(.ARM.exidx.text.DebugMon_Handler) refers to ch32f20x_it.o(.text.DebugMon_Handler) for [Anonymous Symbol]
    ch32f20x_it.o(.ARM.exidx.text.PendSV_Handler) refers to ch32f20x_it.o(.text.PendSV_Handler) for [Anonymous Symbol]
    ch32f20x_it.o(.ARM.exidx.text.SysTick_Handler) refers to ch32f20x_it.o(.text.SysTick_Handler) for [Anonymous Symbol]
    ch32f20x_gpio.o(.text.GPIO_DeInit) refers to ch32f20x_gpio.o(.rodata..Lswitch.table.GPIO_DeInit.1) for .Lswitch.table.GPIO_DeInit.1
    ch32f20x_gpio.o(.text.GPIO_DeInit) refers to ch32f20x_rcc.o(.text.RCC_APB2PeriphResetCmd) for RCC_APB2PeriphResetCmd
    ch32f20x_gpio.o(.ARM.exidx.text.GPIO_DeInit) refers to ch32f20x_gpio.o(.text.GPIO_DeInit) for [Anonymous Symbol]
    ch32f20x_gpio.o(.text.GPIO_AFIODeInit) refers to ch32f20x_rcc.o(.text.RCC_APB2PeriphResetCmd) for RCC_APB2PeriphResetCmd
    ch32f20x_gpio.o(.ARM.exidx.text.GPIO_AFIODeInit) refers to ch32f20x_gpio.o(.text.GPIO_AFIODeInit) for [Anonymous Symbol]
    ch32f20x_gpio.o(.ARM.exidx.text.GPIO_Init) refers to ch32f20x_gpio.o(.text.GPIO_Init) for [Anonymous Symbol]
    ch32f20x_gpio.o(.ARM.exidx.text.GPIO_StructInit) refers to ch32f20x_gpio.o(.text.GPIO_StructInit) for [Anonymous Symbol]
    ch32f20x_gpio.o(.ARM.exidx.text.GPIO_ReadInputDataBit) refers to ch32f20x_gpio.o(.text.GPIO_ReadInputDataBit) for [Anonymous Symbol]
    ch32f20x_gpio.o(.ARM.exidx.text.GPIO_ReadInputData) refers to ch32f20x_gpio.o(.text.GPIO_ReadInputData) for [Anonymous Symbol]
    ch32f20x_gpio.o(.ARM.exidx.text.GPIO_ReadOutputDataBit) refers to ch32f20x_gpio.o(.text.GPIO_ReadOutputDataBit) for [Anonymous Symbol]
    ch32f20x_gpio.o(.ARM.exidx.text.GPIO_ReadOutputData) refers to ch32f20x_gpio.o(.text.GPIO_ReadOutputData) for [Anonymous Symbol]
    ch32f20x_gpio.o(.ARM.exidx.text.GPIO_SetBits) refers to ch32f20x_gpio.o(.text.GPIO_SetBits) for [Anonymous Symbol]
    ch32f20x_gpio.o(.ARM.exidx.text.GPIO_ResetBits) refers to ch32f20x_gpio.o(.text.GPIO_ResetBits) for [Anonymous Symbol]
    ch32f20x_gpio.o(.ARM.exidx.text.GPIO_WriteBit) refers to ch32f20x_gpio.o(.text.GPIO_WriteBit) for [Anonymous Symbol]
    ch32f20x_gpio.o(.ARM.exidx.text.GPIO_Write) refers to ch32f20x_gpio.o(.text.GPIO_Write) for [Anonymous Symbol]
    ch32f20x_gpio.o(.ARM.exidx.text.GPIO_PinLockConfig) refers to ch32f20x_gpio.o(.text.GPIO_PinLockConfig) for [Anonymous Symbol]
    ch32f20x_gpio.o(.ARM.exidx.text.GPIO_EventOutputConfig) refers to ch32f20x_gpio.o(.text.GPIO_EventOutputConfig) for [Anonymous Symbol]
    ch32f20x_gpio.o(.ARM.exidx.text.GPIO_EventOutputCmd) refers to ch32f20x_gpio.o(.text.GPIO_EventOutputCmd) for [Anonymous Symbol]
    ch32f20x_gpio.o(.ARM.exidx.text.GPIO_PinRemapConfig) refers to ch32f20x_gpio.o(.text.GPIO_PinRemapConfig) for [Anonymous Symbol]
    ch32f20x_gpio.o(.ARM.exidx.text.GPIO_EXTILineConfig) refers to ch32f20x_gpio.o(.text.GPIO_EXTILineConfig) for [Anonymous Symbol]
    ch32f20x_gpio.o(.ARM.exidx.text.GPIO_ETH_MediaInterfaceConfig) refers to ch32f20x_gpio.o(.text.GPIO_ETH_MediaInterfaceConfig) for [Anonymous Symbol]
    ch32f20x_gpio.o(.text.GPIO_IPD_Unused) refers to ch32f20x_rcc.o(.text.RCC_APB2PeriphClockCmd) for RCC_APB2PeriphClockCmd
    ch32f20x_gpio.o(.text.GPIO_IPD_Unused) refers to ch32f20x_gpio.o(.text.GPIO_Init) for GPIO_Init
    ch32f20x_gpio.o(.ARM.exidx.text.GPIO_IPD_Unused) refers to ch32f20x_gpio.o(.text.GPIO_IPD_Unused) for [Anonymous Symbol]
    ch32f20x_rcc.o(.ARM.exidx.text.RCC_DeInit) refers to ch32f20x_rcc.o(.text.RCC_DeInit) for [Anonymous Symbol]
    ch32f20x_rcc.o(.ARM.exidx.text.RCC_HSEConfig) refers to ch32f20x_rcc.o(.text.RCC_HSEConfig) for [Anonymous Symbol]
    ch32f20x_rcc.o(.ARM.exidx.text.RCC_WaitForHSEStartUp) refers to ch32f20x_rcc.o(.text.RCC_WaitForHSEStartUp) for [Anonymous Symbol]
    ch32f20x_rcc.o(.ARM.exidx.text.RCC_GetFlagStatus) refers to ch32f20x_rcc.o(.text.RCC_GetFlagStatus) for [Anonymous Symbol]
    ch32f20x_rcc.o(.ARM.exidx.text.RCC_AdjustHSICalibrationValue) refers to ch32f20x_rcc.o(.text.RCC_AdjustHSICalibrationValue) for [Anonymous Symbol]
    ch32f20x_rcc.o(.ARM.exidx.text.RCC_HSICmd) refers to ch32f20x_rcc.o(.text.RCC_HSICmd) for [Anonymous Symbol]
    ch32f20x_rcc.o(.ARM.exidx.text.RCC_PLLConfig) refers to ch32f20x_rcc.o(.text.RCC_PLLConfig) for [Anonymous Symbol]
    ch32f20x_rcc.o(.ARM.exidx.text.RCC_PLLCmd) refers to ch32f20x_rcc.o(.text.RCC_PLLCmd) for [Anonymous Symbol]
    ch32f20x_rcc.o(.ARM.exidx.text.RCC_SYSCLKConfig) refers to ch32f20x_rcc.o(.text.RCC_SYSCLKConfig) for [Anonymous Symbol]
    ch32f20x_rcc.o(.ARM.exidx.text.RCC_GetSYSCLKSource) refers to ch32f20x_rcc.o(.text.RCC_GetSYSCLKSource) for [Anonymous Symbol]
    ch32f20x_rcc.o(.ARM.exidx.text.RCC_HCLKConfig) refers to ch32f20x_rcc.o(.text.RCC_HCLKConfig) for [Anonymous Symbol]
    ch32f20x_rcc.o(.ARM.exidx.text.RCC_PCLK1Config) refers to ch32f20x_rcc.o(.text.RCC_PCLK1Config) for [Anonymous Symbol]
    ch32f20x_rcc.o(.ARM.exidx.text.RCC_PCLK2Config) refers to ch32f20x_rcc.o(.text.RCC_PCLK2Config) for [Anonymous Symbol]
    ch32f20x_rcc.o(.ARM.exidx.text.RCC_ITConfig) refers to ch32f20x_rcc.o(.text.RCC_ITConfig) for [Anonymous Symbol]
    ch32f20x_rcc.o(.ARM.exidx.text.RCC_USBCLKConfig) refers to ch32f20x_rcc.o(.text.RCC_USBCLKConfig) for [Anonymous Symbol]
    ch32f20x_rcc.o(.ARM.exidx.text.RCC_ADCCLKConfig) refers to ch32f20x_rcc.o(.text.RCC_ADCCLKConfig) for [Anonymous Symbol]
    ch32f20x_rcc.o(.ARM.exidx.text.RCC_LSEConfig) refers to ch32f20x_rcc.o(.text.RCC_LSEConfig) for [Anonymous Symbol]
    ch32f20x_rcc.o(.ARM.exidx.text.RCC_LSICmd) refers to ch32f20x_rcc.o(.text.RCC_LSICmd) for [Anonymous Symbol]
    ch32f20x_rcc.o(.ARM.exidx.text.RCC_RTCCLKConfig) refers to ch32f20x_rcc.o(.text.RCC_RTCCLKConfig) for [Anonymous Symbol]
    ch32f20x_rcc.o(.ARM.exidx.text.RCC_RTCCLKCmd) refers to ch32f20x_rcc.o(.text.RCC_RTCCLKCmd) for [Anonymous Symbol]
    ch32f20x_rcc.o(.text.RCC_GetClocksFreq) refers to ch32f20x_rcc.o(.rodata.APBAHBPrescTable) for APBAHBPrescTable
    ch32f20x_rcc.o(.text.RCC_GetClocksFreq) refers to ch32f20x_rcc.o(.rodata.ADCPrescTable) for ADCPrescTable
    ch32f20x_rcc.o(.ARM.exidx.text.RCC_GetClocksFreq) refers to ch32f20x_rcc.o(.text.RCC_GetClocksFreq) for [Anonymous Symbol]
    ch32f20x_rcc.o(.ARM.exidx.text.RCC_AHBPeriphClockCmd) refers to ch32f20x_rcc.o(.text.RCC_AHBPeriphClockCmd) for [Anonymous Symbol]
    ch32f20x_rcc.o(.ARM.exidx.text.RCC_APB2PeriphClockCmd) refers to ch32f20x_rcc.o(.text.RCC_APB2PeriphClockCmd) for [Anonymous Symbol]
    ch32f20x_rcc.o(.ARM.exidx.text.RCC_APB1PeriphClockCmd) refers to ch32f20x_rcc.o(.text.RCC_APB1PeriphClockCmd) for [Anonymous Symbol]
    ch32f20x_rcc.o(.ARM.exidx.text.RCC_APB2PeriphResetCmd) refers to ch32f20x_rcc.o(.text.RCC_APB2PeriphResetCmd) for [Anonymous Symbol]
    ch32f20x_rcc.o(.ARM.exidx.text.RCC_APB1PeriphResetCmd) refers to ch32f20x_rcc.o(.text.RCC_APB1PeriphResetCmd) for [Anonymous Symbol]
    ch32f20x_rcc.o(.ARM.exidx.text.RCC_BackupResetCmd) refers to ch32f20x_rcc.o(.text.RCC_BackupResetCmd) for [Anonymous Symbol]
    ch32f20x_rcc.o(.ARM.exidx.text.RCC_ClockSecuritySystemCmd) refers to ch32f20x_rcc.o(.text.RCC_ClockSecuritySystemCmd) for [Anonymous Symbol]
    ch32f20x_rcc.o(.ARM.exidx.text.RCC_MCOConfig) refers to ch32f20x_rcc.o(.text.RCC_MCOConfig) for [Anonymous Symbol]
    ch32f20x_rcc.o(.ARM.exidx.text.RCC_ClearFlag) refers to ch32f20x_rcc.o(.text.RCC_ClearFlag) for [Anonymous Symbol]
    ch32f20x_rcc.o(.ARM.exidx.text.RCC_GetITStatus) refers to ch32f20x_rcc.o(.text.RCC_GetITStatus) for [Anonymous Symbol]
    ch32f20x_rcc.o(.ARM.exidx.text.RCC_ClearITPendingBit) refers to ch32f20x_rcc.o(.text.RCC_ClearITPendingBit) for [Anonymous Symbol]
    ch32f20x_rcc.o(.ARM.exidx.text.RCC_PREDIV1Config) refers to ch32f20x_rcc.o(.text.RCC_PREDIV1Config) for [Anonymous Symbol]
    ch32f20x_rcc.o(.ARM.exidx.text.RCC_PREDIV2Config) refers to ch32f20x_rcc.o(.text.RCC_PREDIV2Config) for [Anonymous Symbol]
    ch32f20x_rcc.o(.ARM.exidx.text.RCC_PLL2Config) refers to ch32f20x_rcc.o(.text.RCC_PLL2Config) for [Anonymous Symbol]
    ch32f20x_rcc.o(.ARM.exidx.text.RCC_PLL2Cmd) refers to ch32f20x_rcc.o(.text.RCC_PLL2Cmd) for [Anonymous Symbol]
    ch32f20x_rcc.o(.ARM.exidx.text.RCC_PLL3Config) refers to ch32f20x_rcc.o(.text.RCC_PLL3Config) for [Anonymous Symbol]
    ch32f20x_rcc.o(.ARM.exidx.text.RCC_PLL3Cmd) refers to ch32f20x_rcc.o(.text.RCC_PLL3Cmd) for [Anonymous Symbol]
    ch32f20x_rcc.o(.ARM.exidx.text.RCC_OTGFSCLKConfig) refers to ch32f20x_rcc.o(.text.RCC_OTGFSCLKConfig) for [Anonymous Symbol]
    ch32f20x_rcc.o(.ARM.exidx.text.RCC_I2S2CLKConfig) refers to ch32f20x_rcc.o(.text.RCC_I2S2CLKConfig) for [Anonymous Symbol]
    ch32f20x_rcc.o(.ARM.exidx.text.RCC_I2S3CLKConfig) refers to ch32f20x_rcc.o(.text.RCC_I2S3CLKConfig) for [Anonymous Symbol]
    ch32f20x_rcc.o(.ARM.exidx.text.RCC_AHBPeriphResetCmd) refers to ch32f20x_rcc.o(.text.RCC_AHBPeriphResetCmd) for [Anonymous Symbol]
    ch32f20x_rcc.o(.ARM.exidx.text.RCC_ADCCLKADJcmd) refers to ch32f20x_rcc.o(.text.RCC_ADCCLKADJcmd) for [Anonymous Symbol]
    ch32f20x_rcc.o(.ARM.exidx.text.RCC_RNGCLKConfig) refers to ch32f20x_rcc.o(.text.RCC_RNGCLKConfig) for [Anonymous Symbol]
    ch32f20x_rcc.o(.ARM.exidx.text.RCC_ETH1GCLKConfig) refers to ch32f20x_rcc.o(.text.RCC_ETH1GCLKConfig) for [Anonymous Symbol]
    ch32f20x_rcc.o(.ARM.exidx.text.RCC_ETH1G_125Mcmd) refers to ch32f20x_rcc.o(.text.RCC_ETH1G_125Mcmd) for [Anonymous Symbol]
    ch32f20x_rcc.o(.ARM.exidx.text.RCC_USBHSConfig) refers to ch32f20x_rcc.o(.text.RCC_USBHSConfig) for [Anonymous Symbol]
    ch32f20x_rcc.o(.ARM.exidx.text.RCC_USBHSPLLCLKConfig) refers to ch32f20x_rcc.o(.text.RCC_USBHSPLLCLKConfig) for [Anonymous Symbol]
    ch32f20x_rcc.o(.ARM.exidx.text.RCC_USBHSPLLCKREFCLKConfig) refers to ch32f20x_rcc.o(.text.RCC_USBHSPLLCKREFCLKConfig) for [Anonymous Symbol]
    ch32f20x_rcc.o(.ARM.exidx.text.RCC_USBHSPHYPLLALIVEcmd) refers to ch32f20x_rcc.o(.text.RCC_USBHSPHYPLLALIVEcmd) for [Anonymous Symbol]
    ch32f20x_rcc.o(.ARM.exidx.text.RCC_USBCLK48MConfig) refers to ch32f20x_rcc.o(.text.RCC_USBCLK48MConfig) for [Anonymous Symbol]
    ch32f20x_rcc.o(.ARM.exidx.text.RCC_ETHDIVConfig) refers to ch32f20x_rcc.o(.text.RCC_ETHDIVConfig) for [Anonymous Symbol]
    ch32f20x_misc.o(.ARM.exidx.text.NVIC_PriorityGroupConfig) refers to ch32f20x_misc.o(.text.NVIC_PriorityGroupConfig) for [Anonymous Symbol]
    ch32f20x_misc.o(.ARM.exidx.text.NVIC_Init) refers to ch32f20x_misc.o(.text.NVIC_Init) for [Anonymous Symbol]
    ch32f20x_misc.o(.ARM.exidx.text.NVIC_SetVectorTable) refers to ch32f20x_misc.o(.text.NVIC_SetVectorTable) for [Anonymous Symbol]
    ch32f20x_misc.o(.ARM.exidx.text.NVIC_SystemLPConfig) refers to ch32f20x_misc.o(.text.NVIC_SystemLPConfig) for [Anonymous Symbol]
    ch32f20x_misc.o(.ARM.exidx.text.SysTick_CLKSourceConfig) refers to ch32f20x_misc.o(.text.SysTick_CLKSourceConfig) for [Anonymous Symbol]
    __main.o(!!!main) refers to __rtentry.o(.ARM.Collect$$rtentry$$00000000) for __rt_entry
    __rtentry.o(.ARM.Collect$$rtentry$$00000000) refers (Special) to __rtentry2.o(.ARM.Collect$$rtentry$$0000000A) for __rt_entry_li
    __rtentry.o(.ARM.Collect$$rtentry$$00000000) refers (Special) to __rtentry2.o(.ARM.Collect$$rtentry$$0000000D) for __rt_entry_main
    __rtentry.o(.ARM.Collect$$rtentry$$00000000) refers (Special) to __rtentry2.o(.ARM.Collect$$rtentry$$0000000C) for __rt_entry_postli_1
    __rtentry.o(.ARM.Collect$$rtentry$$00000000) refers (Special) to __rtentry2.o(.ARM.Collect$$rtentry$$00000009) for __rt_entry_postsh_1
    __rtentry.o(.ARM.Collect$$rtentry$$00000000) refers (Special) to __rtentry2.o(.ARM.Collect$$rtentry$$00000002) for __rt_entry_presh_1
    __rtentry.o(.ARM.Collect$$rtentry$$00000000) refers (Special) to __rtentry4.o(.ARM.Collect$$rtentry$$00000004) for __rt_entry_sh
    __rtentry2.o(.ARM.Collect$$rtentry$$00000008) refers to boardinit2.o(.text) for _platform_post_stackheap_init
    __rtentry2.o(.ARM.Collect$$rtentry$$0000000A) refers to libinit.o(.ARM.Collect$$libinit$$00000000) for __rt_lib_init
    __rtentry2.o(.ARM.Collect$$rtentry$$0000000B) refers to boardinit3.o(.text) for _platform_post_lib_init
    __rtentry2.o(.ARM.Collect$$rtentry$$0000000D) refers to main.o(.text.main) for main
    __rtentry2.o(.ARM.Collect$$rtentry$$0000000D) refers to exit.o(.text) for exit
    __rtentry2.o(.ARM.exidx) refers to __rtentry2.o(.ARM.Collect$$rtentry$$00000001) for .ARM.Collect$$rtentry$$00000001
    __rtentry2.o(.ARM.exidx) refers to __rtentry2.o(.ARM.Collect$$rtentry$$00000008) for .ARM.Collect$$rtentry$$00000008
    __rtentry2.o(.ARM.exidx) refers to __rtentry2.o(.ARM.Collect$$rtentry$$0000000A) for .ARM.Collect$$rtentry$$0000000A
    __rtentry2.o(.ARM.exidx) refers to __rtentry2.o(.ARM.Collect$$rtentry$$0000000B) for .ARM.Collect$$rtentry$$0000000B
    __rtentry2.o(.ARM.exidx) refers to __rtentry2.o(.ARM.Collect$$rtentry$$0000000D) for .ARM.Collect$$rtentry$$0000000D
    __rtentry4.o(.ARM.Collect$$rtentry$$00000004) refers to sys_stackheap_outer.o(.text) for __user_setup_stackheap
    __rtentry4.o(.ARM.exidx) refers to __rtentry4.o(.ARM.Collect$$rtentry$$00000004) for .ARM.Collect$$rtentry$$00000004
    sys_stackheap_outer.o(.text) refers to libspace.o(.text) for __user_perproc_libspace
    sys_stackheap_outer.o(.text) refers to startup_ch32f20x_d8w.o(.text) for __user_initial_stackheap
    exit.o(.text) refers to rtexit.o(.ARM.Collect$$rtexit$$00000000) for __rt_exit
    libinit.o(.ARM.Collect$$libinit$$00000000) refers (Special) to libinit2.o(.ARM.Collect$$libinit$$00000030) for __rt_lib_init_alloca_1
    libinit.o(.ARM.Collect$$libinit$$00000000) refers (Special) to libinit2.o(.ARM.Collect$$libinit$$0000002E) for __rt_lib_init_argv_1
    libinit.o(.ARM.Collect$$libinit$$00000000) refers (Special) to libinit2.o(.ARM.Collect$$libinit$$0000001D) for __rt_lib_init_atexit_1
    libinit.o(.ARM.Collect$$libinit$$00000000) refers (Special) to libinit2.o(.ARM.Collect$$libinit$$00000023) for __rt_lib_init_clock_1
    libinit.o(.ARM.Collect$$libinit$$00000000) refers (Special) to libinit2.o(.ARM.Collect$$libinit$$00000034) for __rt_lib_init_cpp_1
    libinit.o(.ARM.Collect$$libinit$$00000000) refers (Special) to libinit2.o(.ARM.Collect$$libinit$$00000032) for __rt_lib_init_exceptions_1
    libinit.o(.ARM.Collect$$libinit$$00000000) refers (Special) to libinit2.o(.ARM.Collect$$libinit$$00000002) for __rt_lib_init_fp_1
    libinit.o(.ARM.Collect$$libinit$$00000000) refers (Special) to libinit2.o(.ARM.Collect$$libinit$$00000021) for __rt_lib_init_fp_trap_1
    libinit.o(.ARM.Collect$$libinit$$00000000) refers (Special) to libinit2.o(.ARM.Collect$$libinit$$00000025) for __rt_lib_init_getenv_1
    libinit.o(.ARM.Collect$$libinit$$00000000) refers (Special) to libinit2.o(.ARM.Collect$$libinit$$0000000C) for __rt_lib_init_heap_1
    libinit.o(.ARM.Collect$$libinit$$00000000) refers (Special) to libinit2.o(.ARM.Collect$$libinit$$00000013) for __rt_lib_init_lc_collate_1
    libinit.o(.ARM.Collect$$libinit$$00000000) refers (Special) to libinit2.o(.ARM.Collect$$libinit$$00000015) for __rt_lib_init_lc_ctype_1
    libinit.o(.ARM.Collect$$libinit$$00000000) refers (Special) to libinit2.o(.ARM.Collect$$libinit$$00000017) for __rt_lib_init_lc_monetary_1
    libinit.o(.ARM.Collect$$libinit$$00000000) refers (Special) to libinit2.o(.ARM.Collect$$libinit$$00000019) for __rt_lib_init_lc_numeric_1
    libinit.o(.ARM.Collect$$libinit$$00000000) refers (Special) to libinit2.o(.ARM.Collect$$libinit$$0000001B) for __rt_lib_init_lc_time_1
    libinit.o(.ARM.Collect$$libinit$$00000000) refers (Special) to libinit2.o(.ARM.Collect$$libinit$$00000006) for __rt_lib_init_preinit_1
    libinit.o(.ARM.Collect$$libinit$$00000000) refers (Special) to libinit2.o(.ARM.Collect$$libinit$$00000010) for __rt_lib_init_rand_1
    libinit.o(.ARM.Collect$$libinit$$00000000) refers (Special) to libinit2.o(.ARM.Collect$$libinit$$00000004) for __rt_lib_init_relocate_pie_1
    libinit.o(.ARM.Collect$$libinit$$00000000) refers (Special) to libinit2.o(.ARM.Collect$$libinit$$00000035) for __rt_lib_init_return
    libinit.o(.ARM.Collect$$libinit$$00000000) refers (Special) to libinit2.o(.ARM.Collect$$libinit$$0000001F) for __rt_lib_init_signal_1
    libinit.o(.ARM.Collect$$libinit$$00000000) refers (Special) to libinit2.o(.ARM.Collect$$libinit$$00000027) for __rt_lib_init_stdio_1
    libinit.o(.ARM.Collect$$libinit$$00000000) refers (Special) to libinit2.o(.ARM.Collect$$libinit$$0000000E) for __rt_lib_init_user_alloc_1
    libspace.o(.text) refers to libspace.o(.bss) for __libspace_start
    rtexit.o(.ARM.Collect$$rtexit$$00000000) refers (Special) to rtexit2.o(.ARM.Collect$$rtexit$$00000004) for __rt_exit_exit
    rtexit.o(.ARM.Collect$$rtexit$$00000000) refers (Special) to rtexit2.o(.ARM.Collect$$rtexit$$00000003) for __rt_exit_ls
    rtexit.o(.ARM.Collect$$rtexit$$00000000) refers (Special) to rtexit2.o(.ARM.Collect$$rtexit$$00000002) for __rt_exit_prels_1
    rtexit.o(.ARM.exidx) refers (Special) to rtexit2.o(.ARM.Collect$$rtexit$$00000004) for __rt_exit_exit
    rtexit.o(.ARM.exidx) refers (Special) to rtexit2.o(.ARM.Collect$$rtexit$$00000003) for __rt_exit_ls
    rtexit.o(.ARM.exidx) refers (Special) to rtexit2.o(.ARM.Collect$$rtexit$$00000002) for __rt_exit_prels_1
    rtexit.o(.ARM.exidx) refers to rtexit.o(.ARM.Collect$$rtexit$$00000000) for .ARM.Collect$$rtexit$$00000000
    libinit2.o(.ARM.Collect$$libinit$$00000012) refers to libinit2.o(.ARM.Collect$$libinit$$00000011) for .ARM.Collect$$libinit$$00000011
    libinit2.o(.ARM.Collect$$libinit$$00000014) refers to libinit2.o(.ARM.Collect$$libinit$$00000011) for .ARM.Collect$$libinit$$00000011
    libinit2.o(.ARM.Collect$$libinit$$00000016) refers to libinit2.o(.ARM.Collect$$libinit$$00000011) for .ARM.Collect$$libinit$$00000011
    libinit2.o(.ARM.Collect$$libinit$$00000018) refers to libinit2.o(.ARM.Collect$$libinit$$00000011) for .ARM.Collect$$libinit$$00000011
    libinit2.o(.ARM.Collect$$libinit$$0000001A) refers to libinit2.o(.ARM.Collect$$libinit$$00000011) for .ARM.Collect$$libinit$$00000011
    libinit2.o(.ARM.Collect$$libinit$$00000028) refers to argv_veneer.o(.emb_text) for __ARM_argv_veneer
    libinit2.o(.ARM.Collect$$libinit$$00000029) refers to argv_veneer.o(.emb_text) for __ARM_argv_veneer
    rtexit2.o(.ARM.Collect$$rtexit$$00000003) refers to libshutdown.o(.ARM.Collect$$libshutdown$$00000000) for __rt_lib_shutdown
    rtexit2.o(.ARM.Collect$$rtexit$$00000004) refers to sys_exit.o(.text) for _sys_exit
    rtexit2.o(.ARM.exidx) refers to rtexit2.o(.ARM.Collect$$rtexit$$00000001) for .ARM.Collect$$rtexit$$00000001
    rtexit2.o(.ARM.exidx) refers to rtexit2.o(.ARM.Collect$$rtexit$$00000003) for .ARM.Collect$$rtexit$$00000003
    rtexit2.o(.ARM.exidx) refers to rtexit2.o(.ARM.Collect$$rtexit$$00000004) for .ARM.Collect$$rtexit$$00000004
    argv_veneer.o(.emb_text) refers to no_argv.o(.text) for __ARM_get_argv
    sys_exit.o(.text) refers (Special) to use_no_semi.o(.text) for __I$use$semihosting
    sys_exit.o(.text) refers (Special) to indicate_semi.o(.text) for __semihosting_library_function
    sys_exit_hlt.o(.text) refers (Special) to use_no_semi.o(.text) for __I$use$semihosting
    sys_exit_hlt.o(.text) refers (Special) to indicate_semi.o(.text) for __semihosting_library_function
    _get_argv_nomalloc.o(.text) refers (Special) to hrguard.o(.text) for __heap_region$guard
    _get_argv_nomalloc.o(.text) refers to defsig_rtmem_outer.o(.text) for __rt_SIGRTMEM
    _get_argv_nomalloc.o(.text) refers to sys_command.o(.text) for _sys_command_string
    libshutdown.o(.ARM.Collect$$libshutdown$$00000000) refers (Special) to libshutdown2.o(.ARM.Collect$$libshutdown$$00000002) for __rt_lib_shutdown_cpp_1
    libshutdown.o(.ARM.Collect$$libshutdown$$00000000) refers (Special) to libshutdown2.o(.ARM.Collect$$libshutdown$$00000007) for __rt_lib_shutdown_fp_trap_1
    libshutdown.o(.ARM.Collect$$libshutdown$$00000000) refers (Special) to libshutdown2.o(.ARM.Collect$$libshutdown$$0000000F) for __rt_lib_shutdown_heap_1
    libshutdown.o(.ARM.Collect$$libshutdown$$00000000) refers (Special) to libshutdown2.o(.ARM.Collect$$libshutdown$$00000010) for __rt_lib_shutdown_return
    libshutdown.o(.ARM.Collect$$libshutdown$$00000000) refers (Special) to libshutdown2.o(.ARM.Collect$$libshutdown$$0000000A) for __rt_lib_shutdown_signal_1
    libshutdown.o(.ARM.Collect$$libshutdown$$00000000) refers (Special) to libshutdown2.o(.ARM.Collect$$libshutdown$$00000004) for __rt_lib_shutdown_stdio_1
    libshutdown.o(.ARM.Collect$$libshutdown$$00000000) refers (Special) to libshutdown2.o(.ARM.Collect$$libshutdown$$0000000C) for __rt_lib_shutdown_user_alloc_1
    sys_command.o(.text) refers (Special) to use_no_semi.o(.text) for __I$use$semihosting
    sys_command.o(.text) refers (Special) to indicate_semi.o(.text) for __semihosting_library_function
    sys_command_hlt.o(.text) refers (Special) to use_no_semi.o(.text) for __I$use$semihosting
    sys_command_hlt.o(.text) refers (Special) to indicate_semi.o(.text) for __semihosting_library_function
    defsig_rtmem_outer.o(.text) refers to defsig_rtmem_inner.o(.text) for __rt_SIGRTMEM_inner
    defsig_rtmem_outer.o(.text) refers to defsig_exit.o(.text) for __sig_exit
    defsig_rtmem_formal.o(.text) refers to rt_raise.o(.text) for __rt_raise
    rt_raise.o(.text) refers to __raise.o(.text) for __raise
    rt_raise.o(.text) refers to sys_exit.o(.text) for _sys_exit
    defsig_exit.o(.text) refers to sys_exit.o(.text) for _sys_exit
    defsig_rtmem_inner.o(.text) refers to defsig_general.o(.text) for __default_signal_display
    __raise.o(.text) refers to defsig.o(CL$$defsig) for __default_signal_handler
    defsig_general.o(.text) refers to sys_wrch.o(.text) for _ttywrch
    sys_wrch.o(.text) refers (Special) to use_no_semi.o(.text) for __I$use$semihosting
    sys_wrch.o(.text) refers (Special) to indicate_semi.o(.text) for __semihosting_library_function
    sys_wrch_hlt.o(.text) refers (Special) to use_no_semi.o(.text) for __I$use$semihosting
    sys_wrch_hlt.o(.text) refers (Special) to indicate_semi.o(.text) for __semihosting_library_function
    defsig.o(CL$$defsig) refers to defsig_rtmem_inner.o(.text) for __rt_SIGRTMEM_inner
    defsig_abrt_inner.o(.text) refers to defsig_general.o(.text) for __default_signal_display
    defsig_fpe_inner.o(.text) refers to defsig_general.o(.text) for __default_signal_display
    defsig_rtred_inner.o(.text) refers to defsig_general.o(.text) for __default_signal_display
    defsig_stak_inner.o(.text) refers to defsig_general.o(.text) for __default_signal_display
    defsig_pvfn_inner.o(.text) refers to defsig_general.o(.text) for __default_signal_display
    defsig_cppl_inner.o(.text) refers to defsig_general.o(.text) for __default_signal_display
    defsig_segv_inner.o(.text) refers to defsig_general.o(.text) for __default_signal_display
    defsig_other.o(.text) refers to defsig_general.o(.text) for __default_signal_display


==============================================================================

Removing Unused input sections from the image.

    Removing main.o(.text), (0 bytes).
    Removing main.o(.ARM.exidx.text.main), (8 bytes).
    Removing main.o(.ARM.use_no_argv), (4 bytes).
    Removing system_ch32f20x.o(.text), (0 bytes).
    Removing system_ch32f20x.o(.ARM.exidx.text.SystemInit), (8 bytes).
    Removing system_ch32f20x.o(.text.SystemCoreClockUpdate), (166 bytes).
    Removing system_ch32f20x.o(.ARM.exidx.text.SystemCoreClockUpdate), (8 bytes).
    Removing system_ch32f20x.o(.data.SystemCoreClock), (4 bytes).
    Removing system_ch32f20x.o(.rodata.AHBPrescTable), (16 bytes).
    Removing ch32f20x_it.o(.text), (0 bytes).
    Removing ch32f20x_it.o(.ARM.exidx.text.NMI_Handler), (8 bytes).
    Removing ch32f20x_it.o(.ARM.exidx.text.HardFault_Handler), (8 bytes).
    Removing ch32f20x_it.o(.ARM.exidx.text.MemManage_Handler), (8 bytes).
    Removing ch32f20x_it.o(.ARM.exidx.text.BusFault_Handler), (8 bytes).
    Removing ch32f20x_it.o(.ARM.exidx.text.UsageFault_Handler), (8 bytes).
    Removing ch32f20x_it.o(.ARM.exidx.text.SVC_Handler), (8 bytes).
    Removing ch32f20x_it.o(.ARM.exidx.text.DebugMon_Handler), (8 bytes).
    Removing ch32f20x_it.o(.ARM.exidx.text.PendSV_Handler), (8 bytes).
    Removing ch32f20x_it.o(.ARM.exidx.text.SysTick_Handler), (8 bytes).
    Removing ch32f20x_gpio.o(.text), (0 bytes).
    Removing ch32f20x_gpio.o(.text.GPIO_DeInit), (52 bytes).
    Removing ch32f20x_gpio.o(.ARM.exidx.text.GPIO_DeInit), (8 bytes).
    Removing ch32f20x_gpio.o(.text.GPIO_AFIODeInit), (22 bytes).
    Removing ch32f20x_gpio.o(.ARM.exidx.text.GPIO_AFIODeInit), (8 bytes).
    Removing ch32f20x_gpio.o(.text.GPIO_Init), (192 bytes).
    Removing ch32f20x_gpio.o(.ARM.exidx.text.GPIO_Init), (8 bytes).
    Removing ch32f20x_gpio.o(.text.GPIO_StructInit), (12 bytes).
    Removing ch32f20x_gpio.o(.ARM.exidx.text.GPIO_StructInit), (8 bytes).
    Removing ch32f20x_gpio.o(.text.GPIO_ReadInputDataBit), (10 bytes).
    Removing ch32f20x_gpio.o(.ARM.exidx.text.GPIO_ReadInputDataBit), (8 bytes).
    Removing ch32f20x_gpio.o(.text.GPIO_ReadInputData), (6 bytes).
    Removing ch32f20x_gpio.o(.ARM.exidx.text.GPIO_ReadInputData), (8 bytes).
    Removing ch32f20x_gpio.o(.text.GPIO_ReadOutputDataBit), (10 bytes).
    Removing ch32f20x_gpio.o(.ARM.exidx.text.GPIO_ReadOutputDataBit), (8 bytes).
    Removing ch32f20x_gpio.o(.text.GPIO_ReadOutputData), (6 bytes).
    Removing ch32f20x_gpio.o(.ARM.exidx.text.GPIO_ReadOutputData), (8 bytes).
    Removing ch32f20x_gpio.o(.text.GPIO_SetBits), (4 bytes).
    Removing ch32f20x_gpio.o(.ARM.exidx.text.GPIO_SetBits), (8 bytes).
    Removing ch32f20x_gpio.o(.text.GPIO_ResetBits), (4 bytes).
    Removing ch32f20x_gpio.o(.ARM.exidx.text.GPIO_ResetBits), (8 bytes).
    Removing ch32f20x_gpio.o(.text.GPIO_WriteBit), (12 bytes).
    Removing ch32f20x_gpio.o(.ARM.exidx.text.GPIO_WriteBit), (8 bytes).
    Removing ch32f20x_gpio.o(.text.GPIO_Write), (4 bytes).
    Removing ch32f20x_gpio.o(.ARM.exidx.text.GPIO_Write), (8 bytes).
    Removing ch32f20x_gpio.o(.text.GPIO_PinLockConfig), (16 bytes).
    Removing ch32f20x_gpio.o(.ARM.exidx.text.GPIO_PinLockConfig), (8 bytes).
    Removing ch32f20x_gpio.o(.text.GPIO_EventOutputConfig), (30 bytes).
    Removing ch32f20x_gpio.o(.ARM.exidx.text.GPIO_EventOutputConfig), (8 bytes).
    Removing ch32f20x_gpio.o(.text.GPIO_EventOutputCmd), (22 bytes).
    Removing ch32f20x_gpio.o(.ARM.exidx.text.GPIO_EventOutputCmd), (8 bytes).
    Removing ch32f20x_gpio.o(.text.GPIO_PinRemapConfig), (176 bytes).
    Removing ch32f20x_gpio.o(.ARM.exidx.text.GPIO_PinRemapConfig), (8 bytes).
    Removing ch32f20x_gpio.o(.text.GPIO_EXTILineConfig), (46 bytes).
    Removing ch32f20x_gpio.o(.ARM.exidx.text.GPIO_EXTILineConfig), (8 bytes).
    Removing ch32f20x_gpio.o(.text.GPIO_ETH_MediaInterfaceConfig), (24 bytes).
    Removing ch32f20x_gpio.o(.ARM.exidx.text.GPIO_ETH_MediaInterfaceConfig), (8 bytes).
    Removing ch32f20x_gpio.o(.text.GPIO_IPD_Unused), (354 bytes).
    Removing ch32f20x_gpio.o(.ARM.exidx.text.GPIO_IPD_Unused), (8 bytes).
    Removing ch32f20x_gpio.o(.rodata..Lswitch.table.GPIO_DeInit.1), (20 bytes).
    Removing ch32f20x_rcc.o(.text), (0 bytes).
    Removing ch32f20x_rcc.o(.text.RCC_DeInit), (66 bytes).
    Removing ch32f20x_rcc.o(.ARM.exidx.text.RCC_DeInit), (8 bytes).
    Removing ch32f20x_rcc.o(.text.RCC_HSEConfig), (50 bytes).
    Removing ch32f20x_rcc.o(.ARM.exidx.text.RCC_HSEConfig), (8 bytes).
    Removing ch32f20x_rcc.o(.text.RCC_WaitForHSEStartUp), (48 bytes).
    Removing ch32f20x_rcc.o(.ARM.exidx.text.RCC_WaitForHSEStartUp), (8 bytes).
    Removing ch32f20x_rcc.o(.text.RCC_GetFlagStatus), (38 bytes).
    Removing ch32f20x_rcc.o(.ARM.exidx.text.RCC_GetFlagStatus), (8 bytes).
    Removing ch32f20x_rcc.o(.text.RCC_AdjustHSICalibrationValue), (22 bytes).
    Removing ch32f20x_rcc.o(.ARM.exidx.text.RCC_AdjustHSICalibrationValue), (8 bytes).
    Removing ch32f20x_rcc.o(.text.RCC_HSICmd), (24 bytes).
    Removing ch32f20x_rcc.o(.ARM.exidx.text.RCC_HSICmd), (8 bytes).
    Removing ch32f20x_rcc.o(.text.RCC_PLLConfig), (22 bytes).
    Removing ch32f20x_rcc.o(.ARM.exidx.text.RCC_PLLConfig), (8 bytes).
    Removing ch32f20x_rcc.o(.text.RCC_PLLCmd), (26 bytes).
    Removing ch32f20x_rcc.o(.ARM.exidx.text.RCC_PLLCmd), (8 bytes).
    Removing ch32f20x_rcc.o(.text.RCC_SYSCLKConfig), (20 bytes).
    Removing ch32f20x_rcc.o(.ARM.exidx.text.RCC_SYSCLKConfig), (8 bytes).
    Removing ch32f20x_rcc.o(.text.RCC_GetSYSCLKSource), (16 bytes).
    Removing ch32f20x_rcc.o(.ARM.exidx.text.RCC_GetSYSCLKSource), (8 bytes).
    Removing ch32f20x_rcc.o(.text.RCC_HCLKConfig), (20 bytes).
    Removing ch32f20x_rcc.o(.ARM.exidx.text.RCC_HCLKConfig), (8 bytes).
    Removing ch32f20x_rcc.o(.text.RCC_PCLK1Config), (20 bytes).
    Removing ch32f20x_rcc.o(.ARM.exidx.text.RCC_PCLK1Config), (8 bytes).
    Removing ch32f20x_rcc.o(.text.RCC_PCLK2Config), (22 bytes).
    Removing ch32f20x_rcc.o(.ARM.exidx.text.RCC_PCLK2Config), (8 bytes).
    Removing ch32f20x_rcc.o(.text.RCC_ITConfig), (24 bytes).
    Removing ch32f20x_rcc.o(.ARM.exidx.text.RCC_ITConfig), (8 bytes).
    Removing ch32f20x_rcc.o(.text.RCC_USBCLKConfig), (26 bytes).
    Removing ch32f20x_rcc.o(.ARM.exidx.text.RCC_USBCLKConfig), (8 bytes).
    Removing ch32f20x_rcc.o(.text.RCC_ADCCLKConfig), (20 bytes).
    Removing ch32f20x_rcc.o(.ARM.exidx.text.RCC_ADCCLKConfig), (8 bytes).
    Removing ch32f20x_rcc.o(.text.RCC_LSEConfig), (30 bytes).
    Removing ch32f20x_rcc.o(.ARM.exidx.text.RCC_LSEConfig), (8 bytes).
    Removing ch32f20x_rcc.o(.text.RCC_LSICmd), (24 bytes).
    Removing ch32f20x_rcc.o(.ARM.exidx.text.RCC_LSICmd), (8 bytes).
    Removing ch32f20x_rcc.o(.text.RCC_RTCCLKConfig), (16 bytes).
    Removing ch32f20x_rcc.o(.ARM.exidx.text.RCC_RTCCLKConfig), (8 bytes).
    Removing ch32f20x_rcc.o(.text.RCC_RTCCLKCmd), (26 bytes).
    Removing ch32f20x_rcc.o(.ARM.exidx.text.RCC_RTCCLKCmd), (8 bytes).
    Removing ch32f20x_rcc.o(.text.RCC_GetClocksFreq), (224 bytes).
    Removing ch32f20x_rcc.o(.ARM.exidx.text.RCC_GetClocksFreq), (8 bytes).
    Removing ch32f20x_rcc.o(.text.RCC_AHBPeriphClockCmd), (24 bytes).
    Removing ch32f20x_rcc.o(.ARM.exidx.text.RCC_AHBPeriphClockCmd), (8 bytes).
    Removing ch32f20x_rcc.o(.text.RCC_APB2PeriphClockCmd), (24 bytes).
    Removing ch32f20x_rcc.o(.ARM.exidx.text.RCC_APB2PeriphClockCmd), (8 bytes).
    Removing ch32f20x_rcc.o(.text.RCC_APB1PeriphClockCmd), (24 bytes).
    Removing ch32f20x_rcc.o(.ARM.exidx.text.RCC_APB1PeriphClockCmd), (8 bytes).
    Removing ch32f20x_rcc.o(.text.RCC_APB2PeriphResetCmd), (24 bytes).
    Removing ch32f20x_rcc.o(.ARM.exidx.text.RCC_APB2PeriphResetCmd), (8 bytes).
    Removing ch32f20x_rcc.o(.text.RCC_APB1PeriphResetCmd), (24 bytes).
    Removing ch32f20x_rcc.o(.ARM.exidx.text.RCC_APB1PeriphResetCmd), (8 bytes).
    Removing ch32f20x_rcc.o(.text.RCC_BackupResetCmd), (26 bytes).
    Removing ch32f20x_rcc.o(.ARM.exidx.text.RCC_BackupResetCmd), (8 bytes).
    Removing ch32f20x_rcc.o(.text.RCC_ClockSecuritySystemCmd), (26 bytes).
    Removing ch32f20x_rcc.o(.ARM.exidx.text.RCC_ClockSecuritySystemCmd), (8 bytes).
    Removing ch32f20x_rcc.o(.text.RCC_MCOConfig), (12 bytes).
    Removing ch32f20x_rcc.o(.ARM.exidx.text.RCC_MCOConfig), (8 bytes).
    Removing ch32f20x_rcc.o(.text.RCC_ClearFlag), (18 bytes).
    Removing ch32f20x_rcc.o(.ARM.exidx.text.RCC_ClearFlag), (8 bytes).
    Removing ch32f20x_rcc.o(.text.RCC_GetITStatus), (18 bytes).
    Removing ch32f20x_rcc.o(.ARM.exidx.text.RCC_GetITStatus), (8 bytes).
    Removing ch32f20x_rcc.o(.text.RCC_ClearITPendingBit), (12 bytes).
    Removing ch32f20x_rcc.o(.ARM.exidx.text.RCC_ClearITPendingBit), (8 bytes).
    Removing ch32f20x_rcc.o(.text.RCC_PREDIV1Config), (32 bytes).
    Removing ch32f20x_rcc.o(.ARM.exidx.text.RCC_PREDIV1Config), (8 bytes).
    Removing ch32f20x_rcc.o(.text.RCC_PREDIV2Config), (20 bytes).
    Removing ch32f20x_rcc.o(.ARM.exidx.text.RCC_PREDIV2Config), (8 bytes).
    Removing ch32f20x_rcc.o(.text.RCC_PLL2Config), (20 bytes).
    Removing ch32f20x_rcc.o(.ARM.exidx.text.RCC_PLL2Config), (8 bytes).
    Removing ch32f20x_rcc.o(.text.RCC_PLL2Cmd), (26 bytes).
    Removing ch32f20x_rcc.o(.ARM.exidx.text.RCC_PLL2Cmd), (8 bytes).
    Removing ch32f20x_rcc.o(.text.RCC_PLL3Config), (20 bytes).
    Removing ch32f20x_rcc.o(.ARM.exidx.text.RCC_PLL3Config), (8 bytes).
    Removing ch32f20x_rcc.o(.text.RCC_PLL3Cmd), (26 bytes).
    Removing ch32f20x_rcc.o(.ARM.exidx.text.RCC_PLL3Cmd), (8 bytes).
    Removing ch32f20x_rcc.o(.text.RCC_OTGFSCLKConfig), (26 bytes).
    Removing ch32f20x_rcc.o(.ARM.exidx.text.RCC_OTGFSCLKConfig), (8 bytes).
    Removing ch32f20x_rcc.o(.text.RCC_I2S2CLKConfig), (26 bytes).
    Removing ch32f20x_rcc.o(.ARM.exidx.text.RCC_I2S2CLKConfig), (8 bytes).
    Removing ch32f20x_rcc.o(.text.RCC_I2S3CLKConfig), (26 bytes).
    Removing ch32f20x_rcc.o(.ARM.exidx.text.RCC_I2S3CLKConfig), (8 bytes).
    Removing ch32f20x_rcc.o(.text.RCC_AHBPeriphResetCmd), (24 bytes).
    Removing ch32f20x_rcc.o(.ARM.exidx.text.RCC_AHBPeriphResetCmd), (8 bytes).
    Removing ch32f20x_rcc.o(.text.RCC_ADCCLKADJcmd), (26 bytes).
    Removing ch32f20x_rcc.o(.ARM.exidx.text.RCC_ADCCLKADJcmd), (8 bytes).
    Removing ch32f20x_rcc.o(.text.RCC_RNGCLKConfig), (26 bytes).
    Removing ch32f20x_rcc.o(.ARM.exidx.text.RCC_RNGCLKConfig), (8 bytes).
    Removing ch32f20x_rcc.o(.text.RCC_ETH1GCLKConfig), (26 bytes).
    Removing ch32f20x_rcc.o(.ARM.exidx.text.RCC_ETH1GCLKConfig), (8 bytes).
    Removing ch32f20x_rcc.o(.text.RCC_ETH1G_125Mcmd), (26 bytes).
    Removing ch32f20x_rcc.o(.ARM.exidx.text.RCC_ETH1G_125Mcmd), (8 bytes).
    Removing ch32f20x_rcc.o(.text.RCC_USBHSConfig), (26 bytes).
    Removing ch32f20x_rcc.o(.ARM.exidx.text.RCC_USBHSConfig), (8 bytes).
    Removing ch32f20x_rcc.o(.text.RCC_USBHSPLLCLKConfig), (26 bytes).
    Removing ch32f20x_rcc.o(.ARM.exidx.text.RCC_USBHSPLLCLKConfig), (8 bytes).
    Removing ch32f20x_rcc.o(.text.RCC_USBHSPLLCKREFCLKConfig), (26 bytes).
    Removing ch32f20x_rcc.o(.ARM.exidx.text.RCC_USBHSPLLCKREFCLKConfig), (8 bytes).
    Removing ch32f20x_rcc.o(.text.RCC_USBHSPHYPLLALIVEcmd), (26 bytes).
    Removing ch32f20x_rcc.o(.ARM.exidx.text.RCC_USBHSPHYPLLALIVEcmd), (8 bytes).
    Removing ch32f20x_rcc.o(.text.RCC_USBCLK48MConfig), (26 bytes).
    Removing ch32f20x_rcc.o(.ARM.exidx.text.RCC_USBCLK48MConfig), (8 bytes).
    Removing ch32f20x_rcc.o(.text.RCC_ETHDIVConfig), (26 bytes).
    Removing ch32f20x_rcc.o(.ARM.exidx.text.RCC_ETHDIVConfig), (8 bytes).
    Removing ch32f20x_rcc.o(.rodata.APBAHBPrescTable), (16 bytes).
    Removing ch32f20x_rcc.o(.rodata.ADCPrescTable), (4 bytes).
    Removing ch32f20x_misc.o(.text), (0 bytes).
    Removing ch32f20x_misc.o(.text.NVIC_PriorityGroupConfig), (20 bytes).
    Removing ch32f20x_misc.o(.ARM.exidx.text.NVIC_PriorityGroupConfig), (8 bytes).
    Removing ch32f20x_misc.o(.text.NVIC_Init), (94 bytes).
    Removing ch32f20x_misc.o(.ARM.exidx.text.NVIC_Init), (8 bytes).
    Removing ch32f20x_misc.o(.text.NVIC_SetVectorTable), (24 bytes).
    Removing ch32f20x_misc.o(.ARM.exidx.text.NVIC_SetVectorTable), (8 bytes).
    Removing ch32f20x_misc.o(.text.NVIC_SystemLPConfig), (24 bytes).
    Removing ch32f20x_misc.o(.ARM.exidx.text.NVIC_SystemLPConfig), (8 bytes).
    Removing ch32f20x_misc.o(.text.SysTick_CLKSourceConfig), (24 bytes).
    Removing ch32f20x_misc.o(.ARM.exidx.text.SysTick_CLKSourceConfig), (8 bytes).

177 unused section(s) (total 3644 bytes) removed from the image.

==============================================================================

Image Symbol Table

    Local Symbols

    Symbol Name                              Value     Ov Type        Size  Object(Section)

    ../CORE/startup_ch32f20x_D8W.s           0x00000000   Number         0  startup_ch32f20x_d8w.o ABSOLUTE
    ../clib/angel/boardlib.s                 0x00000000   Number         0  boardinit1.o ABSOLUTE
    ../clib/angel/boardlib.s                 0x00000000   Number         0  boardinit2.o ABSOLUTE
    ../clib/angel/boardlib.s                 0x00000000   Number         0  boardinit3.o ABSOLUTE
    ../clib/angel/boardlib.s                 0x00000000   Number         0  boardshut.o ABSOLUTE
    ../clib/angel/handlers.s                 0x00000000   Number         0  __scatter_zi.o ABSOLUTE
    ../clib/angel/kernel.s                   0x00000000   Number         0  __rtentry.o ABSOLUTE
    ../clib/angel/kernel.s                   0x00000000   Number         0  __rtentry2.o ABSOLUTE
    ../clib/angel/kernel.s                   0x00000000   Number         0  __rtentry4.o ABSOLUTE
    ../clib/angel/kernel.s                   0x00000000   Number         0  rtexit.o ABSOLUTE
    ../clib/angel/kernel.s                   0x00000000   Number         0  rtexit2.o ABSOLUTE
    ../clib/angel/rt.s                       0x00000000   Number         0  rt_raise.o ABSOLUTE
    ../clib/angel/scatter.s                  0x00000000   Number         0  __scatter.o ABSOLUTE
    ../clib/angel/startup.s                  0x00000000   Number         0  __main.o ABSOLUTE
    ../clib/angel/sys.s                      0x00000000   Number         0  sys_stackheap_outer.o ABSOLUTE
    ../clib/angel/sys.s                      0x00000000   Number         0  libspace.o ABSOLUTE
    ../clib/angel/sys.s                      0x00000000   Number         0  use_no_semi.o ABSOLUTE
    ../clib/angel/sys.s                      0x00000000   Number         0  indicate_semi.o ABSOLUTE
    ../clib/angel/sysapp.c                   0x00000000   Number         0  sys_exit.o ABSOLUTE
    ../clib/angel/sysapp.c                   0x00000000   Number         0  sys_exit_hlt.o ABSOLUTE
    ../clib/angel/sysapp.c                   0x00000000   Number         0  sys_command.o ABSOLUTE
    ../clib/angel/sysapp.c                   0x00000000   Number         0  sys_command_hlt.o ABSOLUTE
    ../clib/angel/sysapp.c                   0x00000000   Number         0  sys_wrch.o ABSOLUTE
    ../clib/angel/sysapp.c                   0x00000000   Number         0  sys_wrch_hlt.o ABSOLUTE
    ../clib/armsys.c                         0x00000000   Number         0  argv_veneer.o ABSOLUTE
    ../clib/armsys.c                         0x00000000   Number         0  argv_veneer.o ABSOLUTE
    ../clib/armsys.c                         0x00000000   Number         0  _get_argv_nomalloc.o ABSOLUTE
    ../clib/armsys.c                         0x00000000   Number         0  no_argv.o ABSOLUTE
    ../clib/heapalloc.c                      0x00000000   Number         0  hrguard.o ABSOLUTE
    ../clib/heapaux.c                        0x00000000   Number         0  heapauxi.o ABSOLUTE
    ../clib/libinit.s                        0x00000000   Number         0  libinit.o ABSOLUTE
    ../clib/libinit.s                        0x00000000   Number         0  libinit2.o ABSOLUTE
    ../clib/libinit.s                        0x00000000   Number         0  libshutdown.o ABSOLUTE
    ../clib/libinit.s                        0x00000000   Number         0  libshutdown2.o ABSOLUTE
    ../clib/signal.c                         0x00000000   Number         0  defsig_rtmem_outer.o ABSOLUTE
    ../clib/signal.c                         0x00000000   Number         0  defsig_rtmem_formal.o ABSOLUTE
    ../clib/signal.c                         0x00000000   Number         0  defsig_exit.o ABSOLUTE
    ../clib/signal.c                         0x00000000   Number         0  defsig_rtmem_inner.o ABSOLUTE
    ../clib/signal.c                         0x00000000   Number         0  __raise.o ABSOLUTE
    ../clib/signal.c                         0x00000000   Number         0  defsig_general.o ABSOLUTE
    ../clib/signal.c                         0x00000000   Number         0  defsig_abrt_inner.o ABSOLUTE
    ../clib/signal.c                         0x00000000   Number         0  defsig_fpe_inner.o ABSOLUTE
    ../clib/signal.c                         0x00000000   Number         0  defsig_rtred_inner.o ABSOLUTE
    ../clib/signal.c                         0x00000000   Number         0  defsig_stak_inner.o ABSOLUTE
    ../clib/signal.c                         0x00000000   Number         0  defsig_pvfn_inner.o ABSOLUTE
    ../clib/signal.c                         0x00000000   Number         0  defsig_cppl_inner.o ABSOLUTE
    ../clib/signal.c                         0x00000000   Number         0  defsig_segv_inner.o ABSOLUTE
    ../clib/signal.c                         0x00000000   Number         0  defsig_other.o ABSOLUTE
    ../clib/signal.s                         0x00000000   Number         0  defsig.o ABSOLUTE
    ../clib/stdlib.c                         0x00000000   Number         0  exit.o ABSOLUTE
    ../fplib/fpinit.s                        0x00000000   Number         0  fpinit.o ABSOLUTE
    ../fplib/fpinit_empty.s                  0x00000000   Number         0  fpinit_empty.o ABSOLUTE
    ch32f20x_gpio.c                          0x00000000   Number         0  ch32f20x_gpio.o ABSOLUTE
    ch32f20x_it.c                            0x00000000   Number         0  ch32f20x_it.o ABSOLUTE
    ch32f20x_misc.c                          0x00000000   Number         0  ch32f20x_misc.o ABSOLUTE
    ch32f20x_rcc.c                           0x00000000   Number         0  ch32f20x_rcc.o ABSOLUTE
    dc.s                                     0x00000000   Number         0  dc.o ABSOLUTE
    main.c                                   0x00000000   Number         0  main.o ABSOLUTE
    system_ch32f20x.c                        0x00000000   Number         0  system_ch32f20x.o ABSOLUTE
    RESET                                    0x08000000   Section      280  startup_ch32f20x_d8w.o(RESET)
    !!!main                                  0x08000118   Section        8  __main.o(!!!main)
    !!!scatter                               0x08000120   Section       52  __scatter.o(!!!scatter)
    !!handler_zi                             0x08000154   Section       28  __scatter_zi.o(!!handler_zi)
    .ARM.Collect$$libinit$$00000000          0x08000170   Section        2  libinit.o(.ARM.Collect$$libinit$$00000000)
    .ARM.Collect$$libinit$$00000002          0x08000172   Section        0  libinit2.o(.ARM.Collect$$libinit$$00000002)
    .ARM.Collect$$libinit$$00000004          0x08000172   Section        0  libinit2.o(.ARM.Collect$$libinit$$00000004)
    .ARM.Collect$$libinit$$00000006          0x08000172   Section        0  libinit2.o(.ARM.Collect$$libinit$$00000006)
    .ARM.Collect$$libinit$$0000000C          0x08000172   Section        0  libinit2.o(.ARM.Collect$$libinit$$0000000C)
    .ARM.Collect$$libinit$$0000000E          0x08000172   Section        0  libinit2.o(.ARM.Collect$$libinit$$0000000E)
    .ARM.Collect$$libinit$$00000010          0x08000172   Section        0  libinit2.o(.ARM.Collect$$libinit$$00000010)
    .ARM.Collect$$libinit$$00000013          0x08000172   Section        0  libinit2.o(.ARM.Collect$$libinit$$00000013)
    .ARM.Collect$$libinit$$00000015          0x08000172   Section        0  libinit2.o(.ARM.Collect$$libinit$$00000015)
    .ARM.Collect$$libinit$$00000017          0x08000172   Section        0  libinit2.o(.ARM.Collect$$libinit$$00000017)
    .ARM.Collect$$libinit$$00000019          0x08000172   Section        0  libinit2.o(.ARM.Collect$$libinit$$00000019)
    .ARM.Collect$$libinit$$0000001B          0x08000172   Section        0  libinit2.o(.ARM.Collect$$libinit$$0000001B)
    .ARM.Collect$$libinit$$0000001D          0x08000172   Section        0  libinit2.o(.ARM.Collect$$libinit$$0000001D)
    .ARM.Collect$$libinit$$0000001F          0x08000172   Section        0  libinit2.o(.ARM.Collect$$libinit$$0000001F)
    .ARM.Collect$$libinit$$00000021          0x08000172   Section        0  libinit2.o(.ARM.Collect$$libinit$$00000021)
    .ARM.Collect$$libinit$$00000023          0x08000172   Section        0  libinit2.o(.ARM.Collect$$libinit$$00000023)
    .ARM.Collect$$libinit$$00000025          0x08000172   Section        0  libinit2.o(.ARM.Collect$$libinit$$00000025)
    .ARM.Collect$$libinit$$00000027          0x08000172   Section        0  libinit2.o(.ARM.Collect$$libinit$$00000027)
    .ARM.Collect$$libinit$$0000002E          0x08000172   Section        0  libinit2.o(.ARM.Collect$$libinit$$0000002E)
    .ARM.Collect$$libinit$$00000030          0x08000172   Section        0  libinit2.o(.ARM.Collect$$libinit$$00000030)
    .ARM.Collect$$libinit$$00000032          0x08000172   Section        0  libinit2.o(.ARM.Collect$$libinit$$00000032)
    .ARM.Collect$$libinit$$00000034          0x08000172   Section        0  libinit2.o(.ARM.Collect$$libinit$$00000034)
    .ARM.Collect$$libinit$$00000035          0x08000172   Section        2  libinit2.o(.ARM.Collect$$libinit$$00000035)
    .ARM.Collect$$libshutdown$$00000000      0x08000174   Section        2  libshutdown.o(.ARM.Collect$$libshutdown$$00000000)
    .ARM.Collect$$libshutdown$$00000002      0x08000176   Section        0  libshutdown2.o(.ARM.Collect$$libshutdown$$00000002)
    .ARM.Collect$$libshutdown$$00000004      0x08000176   Section        0  libshutdown2.o(.ARM.Collect$$libshutdown$$00000004)
    .ARM.Collect$$libshutdown$$00000007      0x08000176   Section        0  libshutdown2.o(.ARM.Collect$$libshutdown$$00000007)
    .ARM.Collect$$libshutdown$$0000000A      0x08000176   Section        0  libshutdown2.o(.ARM.Collect$$libshutdown$$0000000A)
    .ARM.Collect$$libshutdown$$0000000C      0x08000176   Section        0  libshutdown2.o(.ARM.Collect$$libshutdown$$0000000C)
    .ARM.Collect$$libshutdown$$0000000F      0x08000176   Section        0  libshutdown2.o(.ARM.Collect$$libshutdown$$0000000F)
    .ARM.Collect$$libshutdown$$00000010      0x08000176   Section        2  libshutdown2.o(.ARM.Collect$$libshutdown$$00000010)
    .ARM.Collect$$rtentry$$00000000          0x08000178   Section        0  __rtentry.o(.ARM.Collect$$rtentry$$00000000)
    .ARM.Collect$$rtentry$$00000002          0x08000178   Section        0  __rtentry2.o(.ARM.Collect$$rtentry$$00000002)
    .ARM.Collect$$rtentry$$00000004          0x08000178   Section        6  __rtentry4.o(.ARM.Collect$$rtentry$$00000004)
    .ARM.Collect$$rtentry$$00000009          0x0800017e   Section        0  __rtentry2.o(.ARM.Collect$$rtentry$$00000009)
    .ARM.Collect$$rtentry$$0000000A          0x0800017e   Section        4  __rtentry2.o(.ARM.Collect$$rtentry$$0000000A)
    .ARM.Collect$$rtentry$$0000000C          0x08000182   Section        0  __rtentry2.o(.ARM.Collect$$rtentry$$0000000C)
    .ARM.Collect$$rtentry$$0000000D          0x08000182   Section        8  __rtentry2.o(.ARM.Collect$$rtentry$$0000000D)
    .ARM.Collect$$rtexit$$00000000           0x0800018a   Section        2  rtexit.o(.ARM.Collect$$rtexit$$00000000)
    .ARM.Collect$$rtexit$$00000002           0x0800018c   Section        0  rtexit2.o(.ARM.Collect$$rtexit$$00000002)
    .ARM.Collect$$rtexit$$00000003           0x0800018c   Section        4  rtexit2.o(.ARM.Collect$$rtexit$$00000003)
    .ARM.Collect$$rtexit$$00000004           0x08000190   Section        6  rtexit2.o(.ARM.Collect$$rtexit$$00000004)
    .text                                    0x08000198   Section       64  startup_ch32f20x_d8w.o(.text)
    .text                                    0x080001d8   Section        0  heapauxi.o(.text)
    .text                                    0x080001de   Section       74  sys_stackheap_outer.o(.text)
    .text                                    0x08000228   Section        0  exit.o(.text)
    .text                                    0x0800023c   Section        8  libspace.o(.text)
    .text                                    0x08000244   Section        0  sys_exit.o(.text)
    .text                                    0x08000250   Section        2  use_no_semi.o(.text)
    .text                                    0x08000252   Section        0  indicate_semi.o(.text)
    [Anonymous Symbol]                       0x08000254   Section        0  ch32f20x_it.o(.text.BusFault_Handler)
    [Anonymous Symbol]                       0x08000258   Section        0  ch32f20x_it.o(.text.DebugMon_Handler)
    [Anonymous Symbol]                       0x0800025c   Section        0  ch32f20x_it.o(.text.HardFault_Handler)
    [Anonymous Symbol]                       0x08000260   Section        0  ch32f20x_it.o(.text.MemManage_Handler)
    [Anonymous Symbol]                       0x08000264   Section        0  ch32f20x_it.o(.text.NMI_Handler)
    [Anonymous Symbol]                       0x08000268   Section        0  ch32f20x_it.o(.text.PendSV_Handler)
    [Anonymous Symbol]                       0x0800026c   Section        0  ch32f20x_it.o(.text.SVC_Handler)
    [Anonymous Symbol]                       0x08000270   Section        0  ch32f20x_it.o(.text.SysTick_Handler)
    [Anonymous Symbol]                       0x08000274   Section        0  system_ch32f20x.o(.text.SystemInit)
    [Anonymous Symbol]                       0x08000364   Section        0  ch32f20x_it.o(.text.UsageFault_Handler)
    [Anonymous Symbol]                       0x08000368   Section        0  main.o(.text.main)
    .bss                                     0x20000000   Section       96  libspace.o(.bss)
    Heap_Mem                                 0x20000060   Data         512  startup_ch32f20x_d8w.o(HEAP)
    HEAP                                     0x20000060   Section      512  startup_ch32f20x_d8w.o(HEAP)
    Stack_Mem                                0x20000260   Data        1024  startup_ch32f20x_d8w.o(STACK)
    STACK                                    0x20000260   Section     1024  startup_ch32f20x_d8w.o(STACK)
    __initial_sp                             0x20000660   Data           0  startup_ch32f20x_d8w.o(STACK)

    Global Symbols

    Symbol Name                              Value     Ov Type        Size  Object(Section)

    BuildAttributes$$THM_ISAv4$P$D$K$B$S$PE$A:L22UL41UL21$X:L11$S22US41US21$IEEE1$IW$~IW$USESV6$~STKCKD$USESV7$~SHL$OTIME$ROPI$EBA8$UX$STANDARDLIB$REQ8$PRES8$EABIv2 0x00000000   Number         0  anon$$obj.o ABSOLUTE
    __fp_init_empty                          0x00000000   Number         0  fpinit_empty.o ABSOLUTE
    __ARM_exceptions_init                     - Undefined Weak Reference
    __alloca_initialize                       - Undefined Weak Reference
    __arm_preinit_                            - Undefined Weak Reference
    __arm_relocate_pie_                       - Undefined Weak Reference
    __cpp_initialize__aeabi_                  - Undefined Weak Reference
    __cxa_finalize                            - Undefined Weak Reference
    __rt_locale                               - Undefined Weak Reference
    __sigvec_lookup                           - Undefined Weak Reference
    _atexit_init                              - Undefined Weak Reference
    _call_atexit_fns                          - Undefined Weak Reference
    _clock_init                               - Undefined Weak Reference
    _fp_trap_init                             - Undefined Weak Reference
    _fp_trap_shutdown                         - Undefined Weak Reference
    _get_lc_collate                           - Undefined Weak Reference
    _get_lc_ctype                             - Undefined Weak Reference
    _get_lc_monetary                          - Undefined Weak Reference
    _get_lc_numeric                           - Undefined Weak Reference
    _get_lc_time                              - Undefined Weak Reference
    _getenv_init                              - Undefined Weak Reference
    _handle_redirection                       - Undefined Weak Reference
    _init_alloc                               - Undefined Weak Reference
    _init_user_alloc                          - Undefined Weak Reference
    _initio                                   - Undefined Weak Reference
    _rand_init                                - Undefined Weak Reference
    _signal_finish                            - Undefined Weak Reference
    _signal_init                              - Undefined Weak Reference
    _terminate_alloc                          - Undefined Weak Reference
    _terminate_user_alloc                     - Undefined Weak Reference
    _terminateio                              - Undefined Weak Reference
    __Vectors_Size                           0x00000118   Number         0  startup_ch32f20x_d8w.o ABSOLUTE
    __Vectors                                0x08000000   Data           4  startup_ch32f20x_d8w.o(RESET)
    __Vectors_End                            0x08000118   Data           0  startup_ch32f20x_d8w.o(RESET)
    __main                                   0x08000119   Thumb Code     8  __main.o(!!!main)
    __scatterload                            0x08000121   Thumb Code     0  __scatter.o(!!!scatter)
    __scatterload_rt2                        0x08000121   Thumb Code    44  __scatter.o(!!!scatter)
    __scatterload_rt2_thumb_only             0x08000121   Thumb Code     0  __scatter.o(!!!scatter)
    __scatterload_null                       0x0800012f   Thumb Code     0  __scatter.o(!!!scatter)
    __scatterload_zeroinit                   0x08000155   Thumb Code    28  __scatter_zi.o(!!handler_zi)
    __rt_lib_init                            0x08000171   Thumb Code     0  libinit.o(.ARM.Collect$$libinit$$00000000)
    __rt_lib_init_alloca_1                   0x08000173   Thumb Code     0  libinit2.o(.ARM.Collect$$libinit$$00000030)
    __rt_lib_init_argv_1                     0x08000173   Thumb Code     0  libinit2.o(.ARM.Collect$$libinit$$0000002E)
    __rt_lib_init_atexit_1                   0x08000173   Thumb Code     0  libinit2.o(.ARM.Collect$$libinit$$0000001D)
    __rt_lib_init_clock_1                    0x08000173   Thumb Code     0  libinit2.o(.ARM.Collect$$libinit$$00000023)
    __rt_lib_init_cpp_1                      0x08000173   Thumb Code     0  libinit2.o(.ARM.Collect$$libinit$$00000034)
    __rt_lib_init_exceptions_1               0x08000173   Thumb Code     0  libinit2.o(.ARM.Collect$$libinit$$00000032)
    __rt_lib_init_fp_1                       0x08000173   Thumb Code     0  libinit2.o(.ARM.Collect$$libinit$$00000002)
    __rt_lib_init_fp_trap_1                  0x08000173   Thumb Code     0  libinit2.o(.ARM.Collect$$libinit$$00000021)
    __rt_lib_init_getenv_1                   0x08000173   Thumb Code     0  libinit2.o(.ARM.Collect$$libinit$$00000025)
    __rt_lib_init_heap_1                     0x08000173   Thumb Code     0  libinit2.o(.ARM.Collect$$libinit$$0000000C)
    __rt_lib_init_lc_collate_1               0x08000173   Thumb Code     0  libinit2.o(.ARM.Collect$$libinit$$00000013)
    __rt_lib_init_lc_ctype_1                 0x08000173   Thumb Code     0  libinit2.o(.ARM.Collect$$libinit$$00000015)
    __rt_lib_init_lc_monetary_1              0x08000173   Thumb Code     0  libinit2.o(.ARM.Collect$$libinit$$00000017)
    __rt_lib_init_lc_numeric_1               0x08000173   Thumb Code     0  libinit2.o(.ARM.Collect$$libinit$$00000019)
    __rt_lib_init_lc_time_1                  0x08000173   Thumb Code     0  libinit2.o(.ARM.Collect$$libinit$$0000001B)
    __rt_lib_init_preinit_1                  0x08000173   Thumb Code     0  libinit2.o(.ARM.Collect$$libinit$$00000006)
    __rt_lib_init_rand_1                     0x08000173   Thumb Code     0  libinit2.o(.ARM.Collect$$libinit$$00000010)
    __rt_lib_init_relocate_pie_1             0x08000173   Thumb Code     0  libinit2.o(.ARM.Collect$$libinit$$00000004)
    __rt_lib_init_return                     0x08000173   Thumb Code     0  libinit2.o(.ARM.Collect$$libinit$$00000035)
    __rt_lib_init_signal_1                   0x08000173   Thumb Code     0  libinit2.o(.ARM.Collect$$libinit$$0000001F)
    __rt_lib_init_stdio_1                    0x08000173   Thumb Code     0  libinit2.o(.ARM.Collect$$libinit$$00000027)
    __rt_lib_init_user_alloc_1               0x08000173   Thumb Code     0  libinit2.o(.ARM.Collect$$libinit$$0000000E)
    __rt_lib_shutdown                        0x08000175   Thumb Code     0  libshutdown.o(.ARM.Collect$$libshutdown$$00000000)
    __rt_lib_shutdown_cpp_1                  0x08000177   Thumb Code     0  libshutdown2.o(.ARM.Collect$$libshutdown$$00000002)
    __rt_lib_shutdown_fp_trap_1              0x08000177   Thumb Code     0  libshutdown2.o(.ARM.Collect$$libshutdown$$00000007)
    __rt_lib_shutdown_heap_1                 0x08000177   Thumb Code     0  libshutdown2.o(.ARM.Collect$$libshutdown$$0000000F)
    __rt_lib_shutdown_return                 0x08000177   Thumb Code     0  libshutdown2.o(.ARM.Collect$$libshutdown$$00000010)
    __rt_lib_shutdown_signal_1               0x08000177   Thumb Code     0  libshutdown2.o(.ARM.Collect$$libshutdown$$0000000A)
    __rt_lib_shutdown_stdio_1                0x08000177   Thumb Code     0  libshutdown2.o(.ARM.Collect$$libshutdown$$00000004)
    __rt_lib_shutdown_user_alloc_1           0x08000177   Thumb Code     0  libshutdown2.o(.ARM.Collect$$libshutdown$$0000000C)
    __rt_entry                               0x08000179   Thumb Code     0  __rtentry.o(.ARM.Collect$$rtentry$$00000000)
    __rt_entry_presh_1                       0x08000179   Thumb Code     0  __rtentry2.o(.ARM.Collect$$rtentry$$00000002)
    __rt_entry_sh                            0x08000179   Thumb Code     0  __rtentry4.o(.ARM.Collect$$rtentry$$00000004)
    __rt_entry_li                            0x0800017f   Thumb Code     0  __rtentry2.o(.ARM.Collect$$rtentry$$0000000A)
    __rt_entry_postsh_1                      0x0800017f   Thumb Code     0  __rtentry2.o(.ARM.Collect$$rtentry$$00000009)
    __rt_entry_main                          0x08000183   Thumb Code     0  __rtentry2.o(.ARM.Collect$$rtentry$$0000000D)
    __rt_entry_postli_1                      0x08000183   Thumb Code     0  __rtentry2.o(.ARM.Collect$$rtentry$$0000000C)
    __rt_exit                                0x0800018b   Thumb Code     0  rtexit.o(.ARM.Collect$$rtexit$$00000000)
    __rt_exit_ls                             0x0800018d   Thumb Code     0  rtexit2.o(.ARM.Collect$$rtexit$$00000003)
    __rt_exit_prels_1                        0x0800018d   Thumb Code     0  rtexit2.o(.ARM.Collect$$rtexit$$00000002)
    __rt_exit_exit                           0x08000191   Thumb Code     0  rtexit2.o(.ARM.Collect$$rtexit$$00000004)
    Reset_Handler                            0x08000199   Thumb Code     8  startup_ch32f20x_d8w.o(.text)
    ADC1_2_IRQHandler                        0x080001b3   Thumb Code     0  startup_ch32f20x_d8w.o(.text)
    BB_IRQHandler                            0x080001b3   Thumb Code     0  startup_ch32f20x_d8w.o(.text)
    CAN1_RX1_IRQHandler                      0x080001b3   Thumb Code     0  startup_ch32f20x_d8w.o(.text)
    CAN1_SCE_IRQHandler                      0x080001b3   Thumb Code     0  startup_ch32f20x_d8w.o(.text)
    DMA1_Channel1_IRQHandler                 0x080001b3   Thumb Code     0  startup_ch32f20x_d8w.o(.text)
    DMA1_Channel2_IRQHandler                 0x080001b3   Thumb Code     0  startup_ch32f20x_d8w.o(.text)
    DMA1_Channel3_IRQHandler                 0x080001b3   Thumb Code     0  startup_ch32f20x_d8w.o(.text)
    DMA1_Channel4_IRQHandler                 0x080001b3   Thumb Code     0  startup_ch32f20x_d8w.o(.text)
    DMA1_Channel5_IRQHandler                 0x080001b3   Thumb Code     0  startup_ch32f20x_d8w.o(.text)
    DMA1_Channel6_IRQHandler                 0x080001b3   Thumb Code     0  startup_ch32f20x_d8w.o(.text)
    DMA1_Channel7_IRQHandler                 0x080001b3   Thumb Code     0  startup_ch32f20x_d8w.o(.text)
    DMA1_Channel8_IRQHandler                 0x080001b3   Thumb Code     0  startup_ch32f20x_d8w.o(.text)
    ETHWakeUp_IRQHandler                     0x080001b3   Thumb Code     0  startup_ch32f20x_d8w.o(.text)
    ETH_IRQHandler                           0x080001b3   Thumb Code     0  startup_ch32f20x_d8w.o(.text)
    EXTI0_IRQHandler                         0x080001b3   Thumb Code     0  startup_ch32f20x_d8w.o(.text)
    EXTI15_10_IRQHandler                     0x080001b3   Thumb Code     0  startup_ch32f20x_d8w.o(.text)
    EXTI1_IRQHandler                         0x080001b3   Thumb Code     0  startup_ch32f20x_d8w.o(.text)
    EXTI2_IRQHandler                         0x080001b3   Thumb Code     0  startup_ch32f20x_d8w.o(.text)
    EXTI3_IRQHandler                         0x080001b3   Thumb Code     0  startup_ch32f20x_d8w.o(.text)
    EXTI4_IRQHandler                         0x080001b3   Thumb Code     0  startup_ch32f20x_d8w.o(.text)
    EXTI9_5_IRQHandler                       0x080001b3   Thumb Code     0  startup_ch32f20x_d8w.o(.text)
    FLASH_IRQHandler                         0x080001b3   Thumb Code     0  startup_ch32f20x_d8w.o(.text)
    I2C1_ER_IRQHandler                       0x080001b3   Thumb Code     0  startup_ch32f20x_d8w.o(.text)
    I2C1_EV_IRQHandler                       0x080001b3   Thumb Code     0  startup_ch32f20x_d8w.o(.text)
    I2C2_ER_IRQHandler                       0x080001b3   Thumb Code     0  startup_ch32f20x_d8w.o(.text)
    I2C2_EV_IRQHandler                       0x080001b3   Thumb Code     0  startup_ch32f20x_d8w.o(.text)
    LLE_IRQHandler                           0x080001b3   Thumb Code     0  startup_ch32f20x_d8w.o(.text)
    OSC32KCal_IRQHandler                     0x080001b3   Thumb Code     0  startup_ch32f20x_d8w.o(.text)
    OSCWakeUp_IRQHandler                     0x080001b3   Thumb Code     0  startup_ch32f20x_d8w.o(.text)
    PVD_IRQHandler                           0x080001b3   Thumb Code     0  startup_ch32f20x_d8w.o(.text)
    RCC_IRQHandler                           0x080001b3   Thumb Code     0  startup_ch32f20x_d8w.o(.text)
    RTCAlarm_IRQHandler                      0x080001b3   Thumb Code     0  startup_ch32f20x_d8w.o(.text)
    RTC_IRQHandler                           0x080001b3   Thumb Code     0  startup_ch32f20x_d8w.o(.text)
    SPI1_IRQHandler                          0x080001b3   Thumb Code     0  startup_ch32f20x_d8w.o(.text)
    SPI2_IRQHandler                          0x080001b3   Thumb Code     0  startup_ch32f20x_d8w.o(.text)
    TAMPER_IRQHandler                        0x080001b3   Thumb Code     0  startup_ch32f20x_d8w.o(.text)
    TIM1_BRK_IRQHandler                      0x080001b3   Thumb Code     0  startup_ch32f20x_d8w.o(.text)
    TIM1_CC_IRQHandler                       0x080001b3   Thumb Code     0  startup_ch32f20x_d8w.o(.text)
    TIM1_TRG_COM_IRQHandler                  0x080001b3   Thumb Code     0  startup_ch32f20x_d8w.o(.text)
    TIM1_UP_IRQHandler                       0x080001b3   Thumb Code     0  startup_ch32f20x_d8w.o(.text)
    TIM2_IRQHandler                          0x080001b3   Thumb Code     0  startup_ch32f20x_d8w.o(.text)
    TIM3_IRQHandler                          0x080001b3   Thumb Code     0  startup_ch32f20x_d8w.o(.text)
    TIM4_IRQHandler                          0x080001b3   Thumb Code     0  startup_ch32f20x_d8w.o(.text)
    TIM5_IRQHandler                          0x080001b3   Thumb Code     0  startup_ch32f20x_d8w.o(.text)
    UART4_IRQHandler                         0x080001b3   Thumb Code     0  startup_ch32f20x_d8w.o(.text)
    USART1_IRQHandler                        0x080001b3   Thumb Code     0  startup_ch32f20x_d8w.o(.text)
    USART2_IRQHandler                        0x080001b3   Thumb Code     0  startup_ch32f20x_d8w.o(.text)
    USART3_IRQHandler                        0x080001b3   Thumb Code     0  startup_ch32f20x_d8w.o(.text)
    USBHDWakeUp_IRQHandler                   0x080001b3   Thumb Code     0  startup_ch32f20x_d8w.o(.text)
    USBHD_IRQHandler                         0x080001b3   Thumb Code     0  startup_ch32f20x_d8w.o(.text)
    USBWakeUp_IRQHandler                     0x080001b3   Thumb Code     0  startup_ch32f20x_d8w.o(.text)
    USB_HP_CAN1_TX_IRQHandler                0x080001b3   Thumb Code     0  startup_ch32f20x_d8w.o(.text)
    USB_LP_CAN1_RX0_IRQHandler               0x080001b3   Thumb Code     0  startup_ch32f20x_d8w.o(.text)
    WWDG_IRQHandler                          0x080001b3   Thumb Code     0  startup_ch32f20x_d8w.o(.text)
    __user_initial_stackheap                 0x080001b5   Thumb Code     0  startup_ch32f20x_d8w.o(.text)
    __use_two_region_memory                  0x080001d9   Thumb Code     2  heapauxi.o(.text)
    __rt_heap_escrow$2region                 0x080001db   Thumb Code     2  heapauxi.o(.text)
    __rt_heap_expand$2region                 0x080001dd   Thumb Code     2  heapauxi.o(.text)
    __user_setup_stackheap                   0x080001df   Thumb Code    74  sys_stackheap_outer.o(.text)
    exit                                     0x08000229   Thumb Code    18  exit.o(.text)
    __user_libspace                          0x0800023d   Thumb Code     8  libspace.o(.text)
    __user_perproc_libspace                  0x0800023d   Thumb Code     0  libspace.o(.text)
    __user_perthread_libspace                0x0800023d   Thumb Code     0  libspace.o(.text)
    _sys_exit                                0x08000245   Thumb Code     8  sys_exit.o(.text)
    __I$use$semihosting                      0x08000251   Thumb Code     0  use_no_semi.o(.text)
    __use_no_semihosting_swi                 0x08000251   Thumb Code     2  use_no_semi.o(.text)
    __semihosting_library_function           0x08000253   Thumb Code     0  indicate_semi.o(.text)
    BusFault_Handler                         0x08000255   Thumb Code     2  ch32f20x_it.o(.text.BusFault_Handler)
    DebugMon_Handler                         0x08000259   Thumb Code     2  ch32f20x_it.o(.text.DebugMon_Handler)
    HardFault_Handler                        0x0800025d   Thumb Code     2  ch32f20x_it.o(.text.HardFault_Handler)
    MemManage_Handler                        0x08000261   Thumb Code     2  ch32f20x_it.o(.text.MemManage_Handler)
    NMI_Handler                              0x08000265   Thumb Code     2  ch32f20x_it.o(.text.NMI_Handler)
    PendSV_Handler                           0x08000269   Thumb Code     2  ch32f20x_it.o(.text.PendSV_Handler)
    SVC_Handler                              0x0800026d   Thumb Code     2  ch32f20x_it.o(.text.SVC_Handler)
    SysTick_Handler                          0x08000271   Thumb Code     2  ch32f20x_it.o(.text.SysTick_Handler)
    SystemInit                               0x08000275   Thumb Code   240  system_ch32f20x.o(.text.SystemInit)
    UsageFault_Handler                       0x08000365   Thumb Code     2  ch32f20x_it.o(.text.UsageFault_Handler)
    main                                     0x08000369   Thumb Code     2  main.o(.text.main)
    Region$$Table$$Base                      0x0800036c   Number         0  anon$$obj.o(Region$$Table)
    Region$$Table$$Limit                     0x0800037c   Number         0  anon$$obj.o(Region$$Table)
    __libspace_start                         0x20000000   Data          96  libspace.o(.bss)
    __temporary_stack_top$libspace           0x20000060   Data           0  libspace.o(.bss)



==============================================================================

Memory Map of the image

  Image Entry point : 0x08000119

  Load Region LR_IROM1 (Base: 0x08000000, Size: 0x0000037c, Max: 0x00028000, ABSOLUTE)

    Execution Region ER_IROM1 (Exec base: 0x08000000, Load base: 0x08000000, Size: 0x0000037c, Max: 0x00028000, ABSOLUTE)

    Exec Addr    Load Addr    Size         Type   Attr      Idx    E Section Name        Object

    0x08000000   0x08000000   0x00000118   Data   RO            3    RESET               startup_ch32f20x_d8w.o
    0x08000118   0x08000118   0x00000008   Code   RO          241  * !!!main             c_w.l(__main.o)
    0x08000120   0x08000120   0x00000034   Code   RO          406    !!!scatter          c_w.l(__scatter.o)
    0x08000154   0x08000154   0x0000001c   Code   RO          408    !!handler_zi        c_w.l(__scatter_zi.o)
    0x08000170   0x08000170   0x00000002   Code   RO          268    .ARM.Collect$$libinit$$00000000  c_w.l(libinit.o)
    0x08000172   0x08000172   0x00000000   Code   RO          275    .ARM.Collect$$libinit$$00000002  c_w.l(libinit2.o)
    0x08000172   0x08000172   0x00000000   Code   RO          277    .ARM.Collect$$libinit$$00000004  c_w.l(libinit2.o)
    0x08000172   0x08000172   0x00000000   Code   RO          279    .ARM.Collect$$libinit$$00000006  c_w.l(libinit2.o)
    0x08000172   0x08000172   0x00000000   Code   RO          282    .ARM.Collect$$libinit$$0000000C  c_w.l(libinit2.o)
    0x08000172   0x08000172   0x00000000   Code   RO          284    .ARM.Collect$$libinit$$0000000E  c_w.l(libinit2.o)
    0x08000172   0x08000172   0x00000000   Code   RO          286    .ARM.Collect$$libinit$$00000010  c_w.l(libinit2.o)
    0x08000172   0x08000172   0x00000000   Code   RO          289    .ARM.Collect$$libinit$$00000013  c_w.l(libinit2.o)
    0x08000172   0x08000172   0x00000000   Code   RO          291    .ARM.Collect$$libinit$$00000015  c_w.l(libinit2.o)
    0x08000172   0x08000172   0x00000000   Code   RO          293    .ARM.Collect$$libinit$$00000017  c_w.l(libinit2.o)
    0x08000172   0x08000172   0x00000000   Code   RO          295    .ARM.Collect$$libinit$$00000019  c_w.l(libinit2.o)
    0x08000172   0x08000172   0x00000000   Code   RO          297    .ARM.Collect$$libinit$$0000001B  c_w.l(libinit2.o)
    0x08000172   0x08000172   0x00000000   Code   RO          299    .ARM.Collect$$libinit$$0000001D  c_w.l(libinit2.o)
    0x08000172   0x08000172   0x00000000   Code   RO          301    .ARM.Collect$$libinit$$0000001F  c_w.l(libinit2.o)
    0x08000172   0x08000172   0x00000000   Code   RO          303    .ARM.Collect$$libinit$$00000021  c_w.l(libinit2.o)
    0x08000172   0x08000172   0x00000000   Code   RO          305    .ARM.Collect$$libinit$$00000023  c_w.l(libinit2.o)
    0x08000172   0x08000172   0x00000000   Code   RO          307    .ARM.Collect$$libinit$$00000025  c_w.l(libinit2.o)
    0x08000172   0x08000172   0x00000000   Code   RO          309    .ARM.Collect$$libinit$$00000027  c_w.l(libinit2.o)
    0x08000172   0x08000172   0x00000000   Code   RO          313    .ARM.Collect$$libinit$$0000002E  c_w.l(libinit2.o)
    0x08000172   0x08000172   0x00000000   Code   RO          315    .ARM.Collect$$libinit$$00000030  c_w.l(libinit2.o)
    0x08000172   0x08000172   0x00000000   Code   RO          317    .ARM.Collect$$libinit$$00000032  c_w.l(libinit2.o)
    0x08000172   0x08000172   0x00000000   Code   RO          319    .ARM.Collect$$libinit$$00000034  c_w.l(libinit2.o)
    0x08000172   0x08000172   0x00000002   Code   RO          320    .ARM.Collect$$libinit$$00000035  c_w.l(libinit2.o)
    0x08000174   0x08000174   0x00000002   Code   RO          342    .ARM.Collect$$libshutdown$$00000000  c_w.l(libshutdown.o)
    0x08000176   0x08000176   0x00000000   Code   RO          357    .ARM.Collect$$libshutdown$$00000002  c_w.l(libshutdown2.o)
    0x08000176   0x08000176   0x00000000   Code   RO          359    .ARM.Collect$$libshutdown$$00000004  c_w.l(libshutdown2.o)
    0x08000176   0x08000176   0x00000000   Code   RO          362    .ARM.Collect$$libshutdown$$00000007  c_w.l(libshutdown2.o)
    0x08000176   0x08000176   0x00000000   Code   RO          365    .ARM.Collect$$libshutdown$$0000000A  c_w.l(libshutdown2.o)
    0x08000176   0x08000176   0x00000000   Code   RO          367    .ARM.Collect$$libshutdown$$0000000C  c_w.l(libshutdown2.o)
    0x08000176   0x08000176   0x00000000   Code   RO          370    .ARM.Collect$$libshutdown$$0000000F  c_w.l(libshutdown2.o)
    0x08000176   0x08000176   0x00000002   Code   RO          371    .ARM.Collect$$libshutdown$$00000010  c_w.l(libshutdown2.o)
    0x08000178   0x08000178   0x00000000   Code   RO          243    .ARM.Collect$$rtentry$$00000000  c_w.l(__rtentry.o)
    0x08000178   0x08000178   0x00000000   Code   RO          245    .ARM.Collect$$rtentry$$00000002  c_w.l(__rtentry2.o)
    0x08000178   0x08000178   0x00000006   Code   RO          257    .ARM.Collect$$rtentry$$00000004  c_w.l(__rtentry4.o)
    0x0800017e   0x0800017e   0x00000000   Code   RO          247    .ARM.Collect$$rtentry$$00000009  c_w.l(__rtentry2.o)
    0x0800017e   0x0800017e   0x00000004   Code   RO          248    .ARM.Collect$$rtentry$$0000000A  c_w.l(__rtentry2.o)
    0x08000182   0x08000182   0x00000000   Code   RO          250    .ARM.Collect$$rtentry$$0000000C  c_w.l(__rtentry2.o)
    0x08000182   0x08000182   0x00000008   Code   RO          251    .ARM.Collect$$rtentry$$0000000D  c_w.l(__rtentry2.o)
    0x0800018a   0x0800018a   0x00000002   Code   RO          272    .ARM.Collect$$rtexit$$00000000  c_w.l(rtexit.o)
    0x0800018c   0x0800018c   0x00000000   Code   RO          322    .ARM.Collect$$rtexit$$00000002  c_w.l(rtexit2.o)
    0x0800018c   0x0800018c   0x00000004   Code   RO          323    .ARM.Collect$$rtexit$$00000003  c_w.l(rtexit2.o)
    0x08000190   0x08000190   0x00000006   Code   RO          324    .ARM.Collect$$rtexit$$00000004  c_w.l(rtexit2.o)
    0x08000196   0x08000196   0x00000002   PAD
    0x08000198   0x08000198   0x00000040   Code   RO            4    .text               startup_ch32f20x_d8w.o
    0x080001d8   0x080001d8   0x00000006   Code   RO          239    .text               c_w.l(heapauxi.o)
    0x080001de   0x080001de   0x0000004a   Code   RO          259    .text               c_w.l(sys_stackheap_outer.o)
    0x08000228   0x08000228   0x00000012   Code   RO          261    .text               c_w.l(exit.o)
    0x0800023a   0x0800023a   0x00000002   PAD
    0x0800023c   0x0800023c   0x00000008   Code   RO          269    .text               c_w.l(libspace.o)
    0x08000244   0x08000244   0x0000000c   Code   RO          332    .text               c_w.l(sys_exit.o)
    0x08000250   0x08000250   0x00000002   Code   RO          347    .text               c_w.l(use_no_semi.o)
    0x08000252   0x08000252   0x00000000   Code   RO          349    .text               c_w.l(indicate_semi.o)
    0x08000252   0x08000252   0x00000002   PAD
    0x08000254   0x08000254   0x00000002   Code   RO           40    .text.BusFault_Handler  ch32f20x_it.o
    0x08000256   0x08000256   0x00000002   PAD
    0x08000258   0x08000258   0x00000002   Code   RO           46    .text.DebugMon_Handler  ch32f20x_it.o
    0x0800025a   0x0800025a   0x00000002   PAD
    0x0800025c   0x0800025c   0x00000002   Code   RO           36    .text.HardFault_Handler  ch32f20x_it.o
    0x0800025e   0x0800025e   0x00000002   PAD
    0x08000260   0x08000260   0x00000002   Code   RO           38    .text.MemManage_Handler  ch32f20x_it.o
    0x08000262   0x08000262   0x00000002   PAD
    0x08000264   0x08000264   0x00000002   Code   RO           34    .text.NMI_Handler   ch32f20x_it.o
    0x08000266   0x08000266   0x00000002   PAD
    0x08000268   0x08000268   0x00000002   Code   RO           48    .text.PendSV_Handler  ch32f20x_it.o
    0x0800026a   0x0800026a   0x00000002   PAD
    0x0800026c   0x0800026c   0x00000002   Code   RO           44    .text.SVC_Handler   ch32f20x_it.o
    0x0800026e   0x0800026e   0x00000002   PAD
    0x08000270   0x08000270   0x00000002   Code   RO           50    .text.SysTick_Handler  ch32f20x_it.o
    0x08000272   0x08000272   0x00000002   PAD
    0x08000274   0x08000274   0x000000f0   Code   RO           20    .text.SystemInit    system_ch32f20x.o
    0x08000364   0x08000364   0x00000002   Code   RO           42    .text.UsageFault_Handler  ch32f20x_it.o
    0x08000366   0x08000366   0x00000002   PAD
    0x08000368   0x08000368   0x00000002   Code   RO           11    .text.main          main.o
    0x0800036a   0x0800036a   0x00000002   PAD
    0x0800036c   0x0800036c   0x00000010   Data   RO          405    Region$$Table       anon$$obj.o


    Execution Region RW_IRAM1 (Exec base: 0x20000000, Load base: 0x0800037c, Size: 0x00000660, Max: 0x00008000, ABSOLUTE)

    Exec Addr    Load Addr    Size         Type   Attr      Idx    E Section Name        Object

    0x20000000        -       0x00000060   Zero   RW          270    .bss                c_w.l(libspace.o)
    0x20000060        -       0x00000200   Zero   RW            2    HEAP                startup_ch32f20x_d8w.o
    0x20000260        -       0x00000400   Zero   RW            1    STACK               startup_ch32f20x_d8w.o


==============================================================================

Image component sizes


      Code (inc. data)   RO Data    RW Data    ZI Data      Debug   Object Name

        18          0          0          0          0        968   ch32f20x_it.o
         2          0          0          0          0        339   main.o
        64         26        280          0       1536        804   startup_ch32f20x_d8w.o
       240          0          0          0          0       2604   system_ch32f20x.o

    ----------------------------------------------------------------------
       344         26        296          0       1536       4715   Object Totals
         0          0         16          0          0          0   (incl. Generated)
        20          0          0          0          0          0   (incl. Padding)

    ----------------------------------------------------------------------

      Code (inc. data)   RO Data    RW Data    ZI Data      Debug   Library Member Name

         8          0          0          0          0         68   __main.o
         0          0          0          0          0          0   __rtentry.o
        12          0          0          0          0          0   __rtentry2.o
         6          0          0          0          0          0   __rtentry4.o
        52          8          0          0          0          0   __scatter.o
        28          0          0          0          0          0   __scatter_zi.o
        18          0          0          0          0         80   exit.o
         6          0          0          0          0        152   heapauxi.o
         0          0          0          0          0          0   indicate_semi.o
         2          0          0          0          0          0   libinit.o
         2          0          0          0          0          0   libinit2.o
         2          0          0          0          0          0   libshutdown.o
         2          0          0          0          0          0   libshutdown2.o
         8          4          0          0         96         68   libspace.o
         2          0          0          0          0          0   rtexit.o
        10          0          0          0          0          0   rtexit2.o
        12          4          0          0          0         68   sys_exit.o
        74          0          0          0          0         80   sys_stackheap_outer.o
         2          0          0          0          0         68   use_no_semi.o

    ----------------------------------------------------------------------
       252         16          0          0         96        584   Library Totals
         6          0          0          0          0          0   (incl. Padding)

    ----------------------------------------------------------------------

      Code (inc. data)   RO Data    RW Data    ZI Data      Debug   Library Name

       246         16          0          0         96        584   c_w.l

    ----------------------------------------------------------------------
       252         16          0          0         96        584   Library Totals

    ----------------------------------------------------------------------

==============================================================================


      Code (inc. data)   RO Data    RW Data    ZI Data      Debug   

       596         42        296          0       1632       5083   Grand Totals
       596         42        296          0       1632       5083   ELF Image Totals
       596         42        296          0          0          0   ROM Totals

==============================================================================

    Total RO  Size (Code + RO Data)                  892 (   0.87kB)
    Total RW  Size (RW Data + ZI Data)              1632 (   1.59kB)
    Total ROM Size (Code + RO Data + RW Data)        892 (   0.87kB)

==============================================================================

